{
  "versionInfo":  "00000001",
  "resources":  [
    {
      "@type":  "type.googleapis.com/envoy.config.route.v3.RouteConfiguration",
      "name":  "8080",
      "virtualHosts":  [
        {
          "name":  "api-gateway-http-54620b06",
          "domains":  [
            "frontend.example.com",
            "frontend.example.com:8080"
          ],
          "routes":  [
            {
              "match":  {
                "prefix":  "/"
              },
              "route":  {
                "cluster":  "frontend.default.dc1.internal.11111111-2222-3333-4444-555555555555.consul"
              }
            }
          ]
        },
        {
          "name":  "api-gateway-http-5a84e719",
          "domains":  [
            "backend.example.com",
            "backend.example.com:8080"
          ],
          "routes":  [
            {
              "match":  {
                "prefix":  "/"
              },
              "route":  {
                "cluster":  "backend.default.dc1.internal.11111111-2222-3333-4444-555555555555.consul"
              }
            }
          ]
        },
        {
          "name":  "api-gateway-http-aa289ce2",
          "domains":  [
            "*.example.com",
            "*.example.com:8080"
          ],
          "routes":  [
            {
              "match":  {
                "prefix":  "/frontend"
              },
              "route":  {
                "cluster":  "frontend.default.dc1.internal.11111111-2222-3333-4444-555555555555.consul"
              }
            },
            {
              "match":  {
                "prefix":  "/backend"
              },
              "route":  {
                "cluster":  "backend.default.dc1.internal.11111111-2222-3333-4444-555555555555.consul"
              }
            }
          ]
        }
      ],
      "validateClusters":  true
    }
  ],
  "typeUrl":  "type.googleapis.com/envoy.config.route.v3.RouteConfiguration",
  "nonce":  "00000001"
}