Name:            builtin/nomad-server
Description:     Gives the token or role permissions required for integration with a nomad server.
Input variables:
	Name: String - Required - The node name.
Example usage:
	consul acl token create -templated-policy builtin/nomad-server -var name:node-1
Raw Template:
acl  = "write"
mesh = "write"

agent "{{.Name}}" {
  policy = "read"
}
node "{{.Name}}" {
  policy = "write"
}
service_prefix "" {
  policy = "write"
}

