{
  "nonce": "00000001",
  "resources": [
    {
      "@type": "type.googleapis.com/envoy.config.endpoint.v3.ClusterLoadAssignment",
      "clusterName": "exposed_cluster_8090",
      "endpoints": [
        {
          "lbEndpoints": [
            {
              "endpoint": {
                "address": {
                  "socketAddress": {
                    "address": "127.0.0.1",
                    "portValue": 8090
                  }
                }
              }
            }
          ]
        }
      ]
    }
  ],
  "typeUrl": "type.googleapis.com/envoy.config.endpoint.v3.ClusterLoadAssignment",
  "versionInfo": "00000001"
}
