{
  "nonce": "00000001",
  "resources": [
    {
      "@type": "type.googleapis.com/envoy.config.endpoint.v3.ClusterLoadAssignment",
      "clusterName": "openai-gpt4",
      "endpoints": [
        {
          "lbEndpoints": [
            {
              "endpoint": {
                "address": {
                  "socketAddress": {
                    "address": "10.0.0.1",
                    "portValue": 443
                  }
                }
              },
              "healthStatus": "HEALTHY",
              "loadBalancingWeight": 1
            }
          ]
        }
      ]
    },
    {
      "@type": "type.googleapis.com/envoy.config.endpoint.v3.ClusterLoadAssignment",
      "clusterName": "valkey.default.dc1.internal.11111111-2222-3333-4444-555555555555.consul",
      "endpoints": [
        {
          "lbEndpoints": [
            {
              "endpoint": {
                "address": {
                  "socketAddress": {
                    "address": "10.0.0.9",
                    "portValue": 20000
                  }
                }
              },
              "healthStatus": "HEALTHY",
              "loadBalancingWeight": 1
            }
          ]
        }
      ]
    }
  ],
  "typeUrl": "type.googleapis.com/envoy.config.endpoint.v3.ClusterLoadAssignment",
  "versionInfo": "00000001"
}