{
  "versionInfo":  "00000001",
  "resources":  [
    {
      "@type":  "type.googleapis.com/envoy.config.route.v3.RouteConfiguration",
      "name":  "default/local/bar/api-app2:http",
      "virtualHosts":  [
        {
          "name":  "default/local/bar/api-app2:http",
          "domains":  [
            "*"
          ],
          "routes":  [
            {
              "match":  {
                "prefix":  "/"
              },
              "route":  {
                "cluster":  "http.api-app2.bar.dc1.internal.foo.consul"
              }
            }
          ]
        }
      ]
    },
    {
      "@type":  "type.googleapis.com/envoy.config.route.v3.RouteConfiguration",
      "name":  "default/local/bar/api-app:http",
      "virtualHosts":  [
        {
          "name":  "default/local/bar/api-app:http",
          "domains":  [
            "*"
          ],
          "routes":  [
            {
              "match":  {
                "prefix":  "/"
              },
              "route":  {
                "cluster":  "http.api-app.bar.dc1.internal.foo.consul"
              }
            }
          ]
        }
      ]
    }
  ],
  "typeUrl":  "type.googleapis.com/envoy.config.route.v3.RouteConfiguration",
  "nonce":  "00000001"
}