{
  "clusters": {
    "local_app:admin-port": {
      "endpointGroup": {
        "static": {}
      },
      "name": "local_app:admin-port",
      "protocol": "PROTOCOL_HTTP"
    },
    "local_app:api-port": {
      "endpointGroup": {
        "static": {}
      },
      "name": "local_app:api-port",
      "protocol": "PROTOCOL_HTTP2"
    },
    "local_app:grpc-port": {
      "endpointGroup": {
        "static": {}
      },
      "name": "local_app:grpc-port",
      "protocol": "PROTOCOL_GRPC"
    }
  },
  "endpoints": {
    "local_app:admin-port": {
      "endpoints": [
        {
          "hostPort": {
            "host": "127.0.0.1",
            "port": 8080
          }
        }
      ]
    },
    "local_app:api-port": {
      "endpoints": [
        {
          "hostPort": {
            "host": "127.0.0.1",
            "port": 9090
          }
        }
      ]
    },
    "local_app:grpc-port": {
      "endpoints": [
        {
          "hostPort": {
            "host": "127.0.0.1",
            "port": 9091
          }
        }
      ]
    }
  },
  "identity": {
    "name": "test-identity",
    "tenancy": {
      "namespace": "default",
      "partition": "default"
    },
    "type": {
      "group": "auth",
      "groupVersion": "v2beta1",
      "kind": "WorkloadIdentity"
    }
  },
  "leafCertificates": {
    "test-identity": {
      "cert": "-----BEGIN CERTIFICATE-----\nMIICDjCCAbWgAwIBAgIBAjAKBggqhkjOPQQDAjAUMRIwEAYDVQQDEwlUZXN0IENB\nIDEwHhcNMjMxMDE2MTYxMzI5WhcNMjMxMDE2MTYyMzI5WjAAMFkwEwYHKoZIzj0C\nAQYIKoZIzj0DAQcDQgAErErAIosDPheZQGbxFQ4hYC/e9Fi4MG9z/zjfCnCq/oK9\nta/bGT+5orZqTmdN/ICsKQDhykxZ2u/Xr6845zhcJaOCAQowggEGMA4GA1UdDwEB\n/wQEAwIDuDAdBgNVHSUEFjAUBggrBgEFBQcDAgYIKwYBBQUHAwEwDAYDVR0TAQH/\nBAIwADApBgNVHQ4EIgQg3ogXVz9cqaK2B6xdiJYMa5NtT0KkYv7BA2dR7h9EcwUw\nKwYDVR0jBCQwIoAgq+C1mPlPoGa4lt7sSft1goN5qPGyBIB/3mUHJZKSFY8wbwYD\nVR0RAQH/BGUwY4Zhc3BpZmZlOi8vMTExMTExMTEtMjIyMi0zMzMzLTQ0NDQtNTU1\nNTU1NTU1NTU1LmNvbnN1bC9hcC9kZWZhdWx0L25zL2RlZmF1bHQvaWRlbnRpdHkv\ndGVzdC1pZGVudGl0eTAKBggqhkjOPQQDAgNHADBEAiB6L+t5bzRrBPhiQYNeA7fF\nUCuLWrdjW4Xbv3SLg0IKMgIgfRC5hEx+DqzQxTCP4sexX3hVWMjKoWmHdwiUcg+K\n/IE=\n-----END CERTIFICATE-----\n",
      "key": "-----BEGIN EC PRIVATE KEY-----\nMHcCAQEEIFIFkTIL1iUV4O/RpveVHzHs7ZzhSkvYIzbdXDttz9EooAoGCCqGSM49\nAwEHoUQDQgAErErAIosDPheZQGbxFQ4hYC/e9Fi4MG9z/zjfCnCq/oK9ta/bGT+5\norZqTmdN/ICsKQDhykxZ2u/Xr6845zhcJQ==\n-----END EC PRIVATE KEY-----\n"
    }
  },
  "listeners": [
    {
      "capabilities": [
        "CAPABILITY_L4_TLS_INSPECTION"
      ],
      "direction": "DIRECTION_INBOUND",
      "hostPort": {
        "host": "10.0.0.1",
        "port": 20000
      },
      "name": "public_listener",
      "routers": [
        {
          "inboundTls": {
            "inboundMesh": {
              "identityKey": "test-identity",
              "validationContext": {
                "trustBundlePeerNameKeys": [
                  "local"
                ]
              }
            }
          },
          "l7": {
            "route": {
              "name": "public_listener:admin-port"
            },
            "statPrefix": "public_listener",
            "staticRoute": true,
            "trafficPermissions": {}
          },
          "match": {
            "alpnProtocols": [
              "consul~admin-port"
            ]
          }
        },
        {
          "inboundTls": {
            "inboundMesh": {
              "identityKey": "test-identity",
              "validationContext": {
                "trustBundlePeerNameKeys": [
                  "local"
                ]
              }
            }
          },
          "l7": {
            "protocol": "L7_PROTOCOL_HTTP2",
            "route": {
              "name": "public_listener:api-port"
            },
            "statPrefix": "public_listener",
            "staticRoute": true,
            "trafficPermissions": {}
          },
          "match": {
            "alpnProtocols": [
              "consul~api-port"
            ]
          }
        },
        {
          "inboundTls": {
            "inboundMesh": {
              "identityKey": "test-identity",
              "validationContext": {
                "trustBundlePeerNameKeys": [
                  "local"
                ]
              }
            }
          },
          "l7": {
            "protocol": "L7_PROTOCOL_GRPC",
            "route": {
              "name": "public_listener:grpc-port"
            },
            "statPrefix": "public_listener",
            "staticRoute": true,
            "trafficPermissions": {}
          },
          "match": {
            "alpnProtocols": [
              "consul~grpc-port"
            ]
          }
        }
      ]
    }
  ],
  "routes": {
    "public_listener:admin-port": {
      "virtualHosts": [
        {
          "domains": [
            "*"
          ],
          "name": "public_listener:admin-port",
          "routeRules": [
            {
              "destination": {
                "cluster": {
                  "name": "local_app:admin-port"
                }
              },
              "match": {
                "pathMatch": {
                  "prefix": "/"
                }
              }
            }
          ]
        }
      ]
    },
    "public_listener:api-port": {
      "virtualHosts": [
        {
          "domains": [
            "*"
          ],
          "name": "public_listener:api-port",
          "routeRules": [
            {
              "destination": {
                "cluster": {
                  "name": "local_app:api-port"
                }
              },
              "match": {
                "pathMatch": {
                  "prefix": "/"
                }
              }
            }
          ]
        }
      ]
    },
    "public_listener:grpc-port": {
      "virtualHosts": [
        {
          "domains": [
            "*"
          ],
          "name": "public_listener:grpc-port",
          "routeRules": [
            {
              "destination": {
                "cluster": {
                  "name": "local_app:grpc-port"
                }
              },
              "match": {
                "pathMatch": {
                  "prefix": "/"
                }
              }
            }
          ]
        }
      ]
    }
  },
  "trustBundles": {
    "local": {
      "roots": [
        "some-root",
        "some-other-root"
      ],
      "trustDomain": "some-trust-domain"
    }
  }
}