-----BEGIN CERTIFICATE-----
MIICnTCCAkKgAwIBAgIRAJrvEdaRAkSltrotd/l/j2cwCgYIKoZIzj0EAwIwgbgx
CzAJBgNVBAYTAlVTMQswCQYDVQQIEwJDQTEWMBQGA1UEBxMNU2FuIEZyYW5jaXNj
bzEaMBgGA1UECRMRMTAxIFNlY29uZCBTdHJlZXQxDjAMBgNVBBETBTk0MTA1MRcw
FQYDVQQKEw5IYXNoaUNvcnAgSW5jLjE/MD0GA1UEAxM2Q29uc3VsIEFnZW50IENB
IDk2NjM4NzM1MDkzNTU5NTIwNDk3MTQwOTU3MDY1MTc0OTg3NDMxMB4XDTIwMDQx
NDIyMzE1MloXDTIxMDQxNDIyMzE1MlowHDEaMBgGA1UEAxMRc2VydmVyLmRjMS5j
b25zdWwwWTATBgcqhkjOPQIBBggqhkjOPQMBBwNCAAQ4v0FoIYI0OWmxE2MR6w5l
0pWGhc02RpsOPj/6RS1fmXMMu7JzPzwCmkGcR16RlwwhNFKCZsWpvAjVRHf/pTp+
o4HHMIHEMA4GA1UdDwEB/wQEAwIFoDAdBgNVHSUEFjAUBggrBgEFBQcDAQYIKwYB
BQUHAwIwDAYDVR0TAQH/BAIwADApBgNVHQ4EIgQgk7kABFitAy3PluyNtmzYiC7H
jSN8W/K/OXNJQAQAscMwKwYDVR0jBCQwIoAgNKbPPepvRHXSAPTc+a/BXBzFX1qJ
y+Zi7qtjlFX7qtUwLQYDVR0RBCYwJIIRc2VydmVyLmRjMS5jb25zdWyCCWxvY2Fs
aG9zdIcEfwAAATAKBggqhkjOPQQDAgNJADBGAiEAhP4HmN5BWysWTbQWClXaWUah
LpBGFrvc/2cCQuyEZKsCIQD6JyYCYMArtWwZ4G499zktxrFlqfX14bqyONrxtA5I
Dw==
-----END CERTIFICATE-----
