-----BEGIN CERTIFICATE-----
MIICnTCCAkOgAwIBAgIRAKF+qDJbaOULNL1TIatrsBowCgYIKoZIzj0EAwIwgbkx
CzAJBgNVBAYTAlVTMQswCQYDVQQIEwJDQTEWMBQGA1UEBxMNU2FuIEZyYW5jaXNj
bzEaMBgGA1UECRMRMTAxIFNlY29uZCBTdHJlZXQxDjAMBgNVBBETBTk0MTA1MRcw
FQYDVQQKEw5IYXNoaUNvcnAgSW5jLjFAMD4GA1UEAxM3Q29uc3VsIEFnZW50IENB
IDE4Nzg3MDAwNjUzMDcxOTYzNTk1ODkwNTE1ODY1NjEzMDA2MTU0NDAeFw0yMDA2
MTkxNTMxMzRaFw0yMTA2MTkxNTMxMzRaMBwxGjAYBgNVBAMTEXNlcnZlci5kYzEu
Y29uc3VsMFkwEwYHKoZIzj0CAQYIKoZIzj0DAQcDQgAEdQ8Igci5f7ZvvCVsxXt9
tLfvczD+60XHg0OC0+Aka7ZjQfbEjQwZbz/82EwPoS7Dqo3LTK4IuelOimoNNxuk
kaOBxzCBxDAOBgNVHQ8BAf8EBAMCBaAwHQYDVR0lBBYwFAYIKwYBBQUHAwEGCCsG
AQUFBwMCMAwGA1UdEwEB/wQCMAAwKQYDVR0OBCIEILzTLkfJcdWQnTMKUcai/YJq
0RqH1pjCqtY7SOU4gGOTMCsGA1UdIwQkMCKAIMa2vNcTEC5AGfHIYARJ/4sodX0o
LzCj3lpw7BcEzPTcMC0GA1UdEQQmMCSCEXNlcnZlci5kYzEuY29uc3Vsgglsb2Nh
bGhvc3SHBH8AAAEwCgYIKoZIzj0EAwIDSAAwRQIgBZ/Z4GSLEc98WvT/qjTVCNTG
1WNaAaesVbkRx+J0yl8CIQDAVoqY9ByA5vKHjnQrxWlc/JUtJz8wudg7e/OCRriP
Sg==
-----END CERTIFICATE-----
