{
  "proxyState": {
    "clusters": {
      "local_app:admin-port": {
        "endpointGroup": {
          "static": {}
        },
        "name": "local_app:admin-port"
      },
      "local_app:api-port": {
        "endpointGroup": {
          "static": {}
        },
        "name": "local_app:api-port"
      }
    },
    "endpoints": {
      "local_app:admin-port": {
        "endpoints": [
          {
            "hostPort": {
              "host": "127.0.0.1",
              "port": 8080
            }
          }
        ]
      },
      "local_app:api-port": {
        "endpoints": [
          {
            "hostPort": {
              "host": "127.0.0.1",
              "port": 9090
            }
          }
        ]
      }
    },
    "identity": {
      "name": "test-identity",
      "tenancy": {
        "namespace": "default",
        "partition": "default",
        "peerName": "local"
      }
    },
    "listeners": [
      {
        "capabilities": [
          "CAPABILITY_L4_TLS_INSPECTION"
        ],
        "direction": "DIRECTION_INBOUND",
        "hostPort": {
          "host": "10.0.0.3",
          "port": 20000
        },
        "name": "public_listener",
        "routers": [
          {
            "inboundTls": {
              "inboundMesh": {
                "identityKey": "test-identity",
                "validationContext": {
                  "trustBundlePeerNameKeys": [
                    "local"
                  ]
                }
              }
            },
            "l4": {
              "cluster": {
                "name": "local_app:admin-port"
              },
              "statPrefix": "public_listener",
              "trafficPermissions": {}
            },
            "match": {
              "alpnProtocols": [
                "consul~admin-port"
              ]
            }
          },
          {
            "inboundTls": {
              "inboundMesh": {
                "identityKey": "test-identity",
                "validationContext": {
                  "trustBundlePeerNameKeys": [
                    "local"
                  ]
                }
              }
            },
            "l4": {
              "cluster": {
                "name": "local_app:api-port"
              },
              "statPrefix": "public_listener",
              "trafficPermissions": {}
            },
            "match": {
              "alpnProtocols": [
                "consul~api-port"
              ]
            }
          }
        ]
      }
    ]
  },
  "requiredLeafCertificates": {
    "test-identity": {
      "name": "test-identity",
      "namespace": "default",
      "partition": "default"
    }
  },
  "requiredTrustBundles": {
    "local": {
      "peer": "local"
    }
  }
}