{
  "nonce": "00000001",
  "resources": [
    {
      "@type": "type.googleapis.com/envoy.config.listener.v3.Listener",
      "accessLog": [
        {
          "filter": {
            "responseFlagFilter": {
              "flags": [
                "NR"
              ]
            }
          },
          "name": "Consul Listener Log",
          "typedConfig": {
            "@type": "type.googleapis.com/envoy.extensions.access_loggers.stream.v3.StdoutAccessLog",
            "logFormat": {
              "jsonFormat": {
                "authority": "%REQ(:AUTHORITY)%",
                "bytes_received": "%BYTES_RECEIVED%",
                "bytes_sent": "%BYTES_SENT%",
                "connection_termination_details": "%CONNECTION_TERMINATION_DETAILS%",
                "downstream_local_address": "%DOWNSTREAM_LOCAL_ADDRESS%",
                "downstream_remote_address": "%DOWNSTREAM_REMOTE_ADDRESS%",
                "duration": "%DURATION%",
                "method": "%REQ(:METHOD)%",
                "path": "%REQ(X-ENVOY-ORIGINAL-PATH?:PATH)%",
                "protocol": "%PROTOCOL%",
                "request_id": "%REQ(X-REQUEST-ID)%",
                "requested_server_name": "%REQUESTED_SERVER_NAME%",
                "response_code": "%RESPONSE_CODE%",
                "response_code_details": "%RESPONSE_CODE_DETAILS%",
                "response_flags": "%RESPONSE_FLAGS%",
                "route_name": "%ROUTE_NAME%",
                "start_time": "%START_TIME%",
                "upstream_cluster": "%UPSTREAM_CLUSTER%",
                "upstream_host": "%UPSTREAM_HOST%",
                "upstream_local_address": "%UPSTREAM_LOCAL_ADDRESS%",
                "upstream_service_time": "%RESP(X-ENVOY-UPSTREAM-SERVICE-TIME)%",
                "upstream_transport_failure_reason": "%UPSTREAM_TRANSPORT_FAILURE_REASON%",
                "user_agent": "%REQ(USER-AGENT)%",
                "x_forwarded_for": "%REQ(X-FORWARDED-FOR)%"
              }
            }
          }
        }
      ],
      "address": {
        "socketAddress": {
          "address": "127.0.0.1",
          "portValue": 9191
        }
      },
      "filterChains": [
        {
          "filters": [
            {
              "name": "envoy.filters.network.tcp_proxy",
              "typedConfig": {
                "@type": "type.googleapis.com/envoy.extensions.filters.network.tcp_proxy.v3.TcpProxy",
                "accessLog": [
                  {
                    "name": "Consul Listener Filter Log",
                    "typedConfig": {
                      "@type": "type.googleapis.com/envoy.extensions.access_loggers.stream.v3.StdoutAccessLog",
                      "logFormat": {
                        "jsonFormat": {
                          "authority": "%REQ(:AUTHORITY)%",
                          "bytes_received": "%BYTES_RECEIVED%",
                          "bytes_sent": "%BYTES_SENT%",
                          "connection_termination_details": "%CONNECTION_TERMINATION_DETAILS%",
                          "downstream_local_address": "%DOWNSTREAM_LOCAL_ADDRESS%",
                          "downstream_remote_address": "%DOWNSTREAM_REMOTE_ADDRESS%",
                          "duration": "%DURATION%",
                          "method": "%REQ(:METHOD)%",
                          "path": "%REQ(X-ENVOY-ORIGINAL-PATH?:PATH)%",
                          "protocol": "%PROTOCOL%",
                          "request_id": "%REQ(X-REQUEST-ID)%",
                          "requested_server_name": "%REQUESTED_SERVER_NAME%",
                          "response_code": "%RESPONSE_CODE%",
                          "response_code_details": "%RESPONSE_CODE_DETAILS%",
                          "response_flags": "%RESPONSE_FLAGS%",
                          "route_name": "%ROUTE_NAME%",
                          "start_time": "%START_TIME%",
                          "upstream_cluster": "%UPSTREAM_CLUSTER%",
                          "upstream_host": "%UPSTREAM_HOST%",
                          "upstream_local_address": "%UPSTREAM_LOCAL_ADDRESS%",
                          "upstream_service_time": "%RESP(X-ENVOY-UPSTREAM-SERVICE-TIME)%",
                          "upstream_transport_failure_reason": "%UPSTREAM_TRANSPORT_FAILURE_REASON%",
                          "user_agent": "%REQ(USER-AGENT)%",
                          "x_forwarded_for": "%REQ(X-FORWARDED-FOR)%"
                        }
                      }
                    }
                  }
                ],
                "cluster": "db.default.dc1.internal.11111111-2222-3333-4444-555555555555.consul",
                "statPrefix": "upstream.db.default.default.dc1"
              }
            }
          ]
        }
      ],
      "name": "db:127.0.0.1:9191",
      "trafficDirection": "OUTBOUND"
    },
    {
      "@type": "type.googleapis.com/envoy.config.listener.v3.Listener",
      "accessLog": [
        {
          "filter": {
            "responseFlagFilter": {
              "flags": [
                "NR"
              ]
            }
          },
          "name": "Consul Listener Log",
          "typedConfig": {
            "@type": "type.googleapis.com/envoy.extensions.access_loggers.stream.v3.StdoutAccessLog",
            "logFormat": {
              "jsonFormat": {
                "authority": "%REQ(:AUTHORITY)%",
                "bytes_received": "%BYTES_RECEIVED%",
                "bytes_sent": "%BYTES_SENT%",
                "connection_termination_details": "%CONNECTION_TERMINATION_DETAILS%",
                "downstream_local_address": "%DOWNSTREAM_LOCAL_ADDRESS%",
                "downstream_remote_address": "%DOWNSTREAM_REMOTE_ADDRESS%",
                "duration": "%DURATION%",
                "method": "%REQ(:METHOD)%",
                "path": "%REQ(X-ENVOY-ORIGINAL-PATH?:PATH)%",
                "protocol": "%PROTOCOL%",
                "request_id": "%REQ(X-REQUEST-ID)%",
                "requested_server_name": "%REQUESTED_SERVER_NAME%",
                "response_code": "%RESPONSE_CODE%",
                "response_code_details": "%RESPONSE_CODE_DETAILS%",
                "response_flags": "%RESPONSE_FLAGS%",
                "route_name": "%ROUTE_NAME%",
                "start_time": "%START_TIME%",
                "upstream_cluster": "%UPSTREAM_CLUSTER%",
                "upstream_host": "%UPSTREAM_HOST%",
                "upstream_local_address": "%UPSTREAM_LOCAL_ADDRESS%",
                "upstream_service_time": "%RESP(X-ENVOY-UPSTREAM-SERVICE-TIME)%",
                "upstream_transport_failure_reason": "%UPSTREAM_TRANSPORT_FAILURE_REASON%",
                "user_agent": "%REQ(USER-AGENT)%",
                "x_forwarded_for": "%REQ(X-FORWARDED-FOR)%"
              }
            }
          }
        }
      ],
      "address": {
        "socketAddress": {
          "address": "127.10.10.10",
          "portValue": 8181
        }
      },
      "filterChains": [
        {
          "filters": [
            {
              "name": "envoy.filters.network.tcp_proxy",
              "typedConfig": {
                "@type": "type.googleapis.com/envoy.extensions.filters.network.tcp_proxy.v3.TcpProxy",
                "accessLog": [
                  {
                    "name": "Consul Listener Filter Log",
                    "typedConfig": {
                      "@type": "type.googleapis.com/envoy.extensions.access_loggers.stream.v3.StdoutAccessLog",
                      "logFormat": {
                        "jsonFormat": {
                          "authority": "%REQ(:AUTHORITY)%",
                          "bytes_received": "%BYTES_RECEIVED%",
                          "bytes_sent": "%BYTES_SENT%",
                          "connection_termination_details": "%CONNECTION_TERMINATION_DETAILS%",
                          "downstream_local_address": "%DOWNSTREAM_LOCAL_ADDRESS%",
                          "downstream_remote_address": "%DOWNSTREAM_REMOTE_ADDRESS%",
                          "duration": "%DURATION%",
                          "method": "%REQ(:METHOD)%",
                          "path": "%REQ(X-ENVOY-ORIGINAL-PATH?:PATH)%",
                          "protocol": "%PROTOCOL%",
                          "request_id": "%REQ(X-REQUEST-ID)%",
                          "requested_server_name": "%REQUESTED_SERVER_NAME%",
                          "response_code": "%RESPONSE_CODE%",
                          "response_code_details": "%RESPONSE_CODE_DETAILS%",
                          "response_flags": "%RESPONSE_FLAGS%",
                          "route_name": "%ROUTE_NAME%",
                          "start_time": "%START_TIME%",
                          "upstream_cluster": "%UPSTREAM_CLUSTER%",
                          "upstream_host": "%UPSTREAM_HOST%",
                          "upstream_local_address": "%UPSTREAM_LOCAL_ADDRESS%",
                          "upstream_service_time": "%RESP(X-ENVOY-UPSTREAM-SERVICE-TIME)%",
                          "upstream_transport_failure_reason": "%UPSTREAM_TRANSPORT_FAILURE_REASON%",
                          "user_agent": "%REQ(USER-AGENT)%",
                          "x_forwarded_for": "%REQ(X-FORWARDED-FOR)%"
                        }
                      }
                    }
                  }
                ],
                "cluster": "geo-cache.default.dc1.query.11111111-2222-3333-4444-555555555555.consul",
                "statPrefix": "upstream.prepared_query_geo-cache"
              }
            }
          ]
        }
      ],
      "name": "prepared_query:geo-cache:127.10.10.10:8181",
      "trafficDirection": "OUTBOUND"
    },
    {
      "@type": "type.googleapis.com/envoy.config.listener.v3.Listener",
      "accessLog": [
        {
          "filter": {
            "responseFlagFilter": {
              "flags": [
                "NR"
              ]
            }
          },
          "name": "Consul Listener Log",
          "typedConfig": {
            "@type": "type.googleapis.com/envoy.extensions.access_loggers.stream.v3.StdoutAccessLog",
            "logFormat": {
              "jsonFormat": {
                "authority": "%REQ(:AUTHORITY)%",
                "bytes_received": "%BYTES_RECEIVED%",
                "bytes_sent": "%BYTES_SENT%",
                "connection_termination_details": "%CONNECTION_TERMINATION_DETAILS%",
                "downstream_local_address": "%DOWNSTREAM_LOCAL_ADDRESS%",
                "downstream_remote_address": "%DOWNSTREAM_REMOTE_ADDRESS%",
                "duration": "%DURATION%",
                "method": "%REQ(:METHOD)%",
                "path": "%REQ(X-ENVOY-ORIGINAL-PATH?:PATH)%",
                "protocol": "%PROTOCOL%",
                "request_id": "%REQ(X-REQUEST-ID)%",
                "requested_server_name": "%REQUESTED_SERVER_NAME%",
                "response_code": "%RESPONSE_CODE%",
                "response_code_details": "%RESPONSE_CODE_DETAILS%",
                "response_flags": "%RESPONSE_FLAGS%",
                "route_name": "%ROUTE_NAME%",
                "start_time": "%START_TIME%",
                "upstream_cluster": "%UPSTREAM_CLUSTER%",
                "upstream_host": "%UPSTREAM_HOST%",
                "upstream_local_address": "%UPSTREAM_LOCAL_ADDRESS%",
                "upstream_service_time": "%RESP(X-ENVOY-UPSTREAM-SERVICE-TIME)%",
                "upstream_transport_failure_reason": "%UPSTREAM_TRANSPORT_FAILURE_REASON%",
                "user_agent": "%REQ(USER-AGENT)%",
                "x_forwarded_for": "%REQ(X-FORWARDED-FOR)%"
              }
            }
          }
        }
      ],
      "address": {
        "socketAddress": {
          "address": "0.0.0.0",
          "portValue": 9999
        }
      },
      "filterChains": [
        {
          "filters": [
            {
              "name": "envoy.filters.network.rbac",
              "typedConfig": {
                "@type": "type.googleapis.com/envoy.extensions.filters.network.rbac.v3.RBAC",
                "rules": {},
                "statPrefix": "connect_authz"
              }
            },
            {
              "name": "envoy.filters.network.tcp_proxy",
              "typedConfig": {
                "@type": "type.googleapis.com/envoy.extensions.filters.network.tcp_proxy.v3.TcpProxy",
                "accessLog": [
                  {
                    "name": "Consul Listener Filter Log",
                    "typedConfig": {
                      "@type": "type.googleapis.com/envoy.extensions.access_loggers.stream.v3.StdoutAccessLog",
                      "logFormat": {
                        "jsonFormat": {
                          "authority": "%REQ(:AUTHORITY)%",
                          "bytes_received": "%BYTES_RECEIVED%",
                          "bytes_sent": "%BYTES_SENT%",
                          "connection_termination_details": "%CONNECTION_TERMINATION_DETAILS%",
                          "downstream_local_address": "%DOWNSTREAM_LOCAL_ADDRESS%",
                          "downstream_remote_address": "%DOWNSTREAM_REMOTE_ADDRESS%",
                          "duration": "%DURATION%",
                          "method": "%REQ(:METHOD)%",
                          "path": "%REQ(X-ENVOY-ORIGINAL-PATH?:PATH)%",
                          "protocol": "%PROTOCOL%",
                          "request_id": "%REQ(X-REQUEST-ID)%",
                          "requested_server_name": "%REQUESTED_SERVER_NAME%",
                          "response_code": "%RESPONSE_CODE%",
                          "response_code_details": "%RESPONSE_CODE_DETAILS%",
                          "response_flags": "%RESPONSE_FLAGS%",
                          "route_name": "%ROUTE_NAME%",
                          "start_time": "%START_TIME%",
                          "upstream_cluster": "%UPSTREAM_CLUSTER%",
                          "upstream_host": "%UPSTREAM_HOST%",
                          "upstream_local_address": "%UPSTREAM_LOCAL_ADDRESS%",
                          "upstream_service_time": "%RESP(X-ENVOY-UPSTREAM-SERVICE-TIME)%",
                          "upstream_transport_failure_reason": "%UPSTREAM_TRANSPORT_FAILURE_REASON%",
                          "user_agent": "%REQ(USER-AGENT)%",
                          "x_forwarded_for": "%REQ(X-FORWARDED-FOR)%"
                        }
                      }
                    }
                  }
                ],
                "cluster": "local_app",
                "statPrefix": "public_listener"
              }
            }
          ],
          "transportSocket": {
            "name": "tls",
            "typedConfig": {
              "@type": "type.googleapis.com/envoy.extensions.transport_sockets.tls.v3.DownstreamTlsContext",
              "commonTlsContext": {
                "tlsCertificateSdsSecretConfigs": [
                  {
                    "name": "connect-leaf",
                    "sdsConfig": {
                      "ads": {},
                      "resourceApiVersion": "V3"
                    }
                  }
                ],
                "tlsParams": {},
                "validationContextSdsSecretConfig": {
                  "name": "connect-root",
                  "sdsConfig": {
                    "ads": {},
                    "resourceApiVersion": "V3"
                  }
                }
              },
              "requireClientCertificate": true
            }
          }
        }
      ],
      "name": "public_listener:0.0.0.0:9999",
      "trafficDirection": "INBOUND"
    }
  ],
  "typeUrl": "type.googleapis.com/envoy.config.listener.v3.Listener",
  "versionInfo": "00000001"
}