{
  "versionInfo": "00000001",
  "resources": [
    {
      "@type": "type.googleapis.com/envoy.config.listener.v3.Listener",
      "name": "default:1.2.3.4:8443",
      "address": {
        "socketAddress": {
          "address": "1.2.3.4",
          "portValue": 8443
        }
      },
      "filterChains": [
        {
          "filterChainMatch": {
            "serverNames": [
              "bar.default.default.peer-a.external.11111111-2222-3333-4444-555555555555.consul"
            ]
          },
          "filters": [
            {
              "name": "envoy.filters.network.tcp_proxy",
              "typedConfig": {
                "@type": "type.googleapis.com/envoy.extensions.filters.network.tcp_proxy.v3.TcpProxy",
                "statPrefix": "mesh_gateway_local_peered.bar.default.default.dc1",
                "cluster": "bar.default.dc1.internal.11111111-2222-3333-4444-555555555555.consul"
              }
            }
          ]
        },
        {
          "filterChainMatch": {
            "serverNames": [
              "foo.default.default.peer-a.external.11111111-2222-3333-4444-555555555555.consul"
            ]
          },
          "filters": [
            {
              "name": "envoy.filters.network.tcp_proxy",
              "typedConfig": {
                "@type": "type.googleapis.com/envoy.extensions.filters.network.tcp_proxy.v3.TcpProxy",
                "statPrefix": "mesh_gateway_local_peered.foo.default.default.dc1",
                "cluster": "foo.default.dc1.internal.11111111-2222-3333-4444-555555555555.consul"
              }
            }
          ]
        },
        {
          "filterChainMatch": {
            "serverNames": [
              "gir.default.default.peer-b.external.11111111-2222-3333-4444-555555555555.consul"
            ]
          },
          "filters": [
            {
              "name": "envoy.filters.network.tcp_proxy",
              "typedConfig": {
                "@type": "type.googleapis.com/envoy.extensions.filters.network.tcp_proxy.v3.TcpProxy",
                "statPrefix": "mesh_gateway_local_peered.gir.default.default.dc1",
                "cluster": "gir.default.dc1.internal.11111111-2222-3333-4444-555555555555.consul"
              }
            }
          ]
        },
        {
          "filterChainMatch": {
            "serverNames": [
              "*.dc2.internal.11111111-2222-3333-4444-555555555555.consul"
            ]
          },
          "filters": [
            {
              "name": "envoy.filters.network.tcp_proxy",
              "typedConfig": {
                "@type": "type.googleapis.com/envoy.extensions.filters.network.tcp_proxy.v3.TcpProxy",
                "statPrefix": "mesh_gateway_remote.default.dc2",
                "cluster": "dc2.internal.11111111-2222-3333-4444-555555555555.consul"
              }
            }
          ]
        },
        {
          "filterChainMatch": {
            "serverNames": [
              "*.dc4.internal.11111111-2222-3333-4444-555555555555.consul"
            ]
          },
          "filters": [
            {
              "name": "envoy.filters.network.tcp_proxy",
              "typedConfig": {
                "@type": "type.googleapis.com/envoy.extensions.filters.network.tcp_proxy.v3.TcpProxy",
                "statPrefix": "mesh_gateway_remote.default.dc4",
                "cluster": "dc4.internal.11111111-2222-3333-4444-555555555555.consul"
              }
            }
          ]
        },
        {
          "filterChainMatch": {
            "serverNames": [
              "*.dc6.internal.11111111-2222-3333-4444-555555555555.consul"
            ]
          },
          "filters": [
            {
              "name": "envoy.filters.network.tcp_proxy",
              "typedConfig": {
                "@type": "type.googleapis.com/envoy.extensions.filters.network.tcp_proxy.v3.TcpProxy",
                "statPrefix": "mesh_gateway_remote.default.dc6",
                "cluster": "dc6.internal.11111111-2222-3333-4444-555555555555.consul"
              }
            }
          ]
        },
        {
          "filters": [
            {
              "name": "envoy.filters.network.sni_cluster",
              "typedConfig": {
                "@type": "type.googleapis.com/envoy.extensions.filters.network.sni_cluster.v3.SniCluster"
              }
            },
            {
              "name": "envoy.filters.network.tcp_proxy",
              "typedConfig": {
                "@type": "type.googleapis.com/envoy.extensions.filters.network.tcp_proxy.v3.TcpProxy",
                "statPrefix": "mesh_gateway_local.default",
                "cluster": ""
              }
            }
          ]
        }
      ],
      "listenerFilters": [
        {
          "name": "envoy.filters.listener.tls_inspector",
          "typedConfig": {
            "@type": "type.googleapis.com/envoy.extensions.filters.listener.tls_inspector.v3.TlsInspector"
          }
        }
      ]
    }
  ],
  "typeUrl": "type.googleapis.com/envoy.config.listener.v3.Listener",
  "nonce": "00000001"
}