{
  "versionInfo": "00000001",
  "resources": [
    {
      "@type": "type.googleapis.com/envoy.config.listener.v3.Listener",
      "name": "lan:1.2.3.4:8443",
      "address": {
        "socketAddress": {
          "address": "1.2.3.4",
          "portValue": 8443
        }
      },
      "filterChains": [
        {
          "filterChainMatch": {
            "serverNames": [
              "*.dc2.internal.11111111-2222-3333-4444-555555555555.consul"
            ]
          },
          "filters": [
            {
              "name": "envoy.filters.network.tcp_proxy",
              "typedConfig": {
                "@type": "type.googleapis.com/envoy.extensions.filters.network.tcp_proxy.v3.TcpProxy",
                "statPrefix": "mesh_gateway_remote.lan.dc2",
                "cluster": "dc2.internal.11111111-2222-3333-4444-555555555555.consul"
              }
            }
          ]
        },
        {
          "filterChainMatch": {
            "serverNames": [
              "*.dc4.internal.11111111-2222-3333-4444-555555555555.consul"
            ]
          },
          "filters": [
            {
              "name": "envoy.filters.network.tcp_proxy",
              "typedConfig": {
                "@type": "type.googleapis.com/envoy.extensions.filters.network.tcp_proxy.v3.TcpProxy",
                "statPrefix": "mesh_gateway_remote.lan.dc4",
                "cluster": "dc4.internal.11111111-2222-3333-4444-555555555555.consul"
              }
            }
          ]
        },
        {
          "filterChainMatch": {
            "serverNames": [
              "*.dc6.internal.11111111-2222-3333-4444-555555555555.consul"
            ]
          },
          "filters": [
            {
              "name": "envoy.filters.network.tcp_proxy",
              "typedConfig": {
                "@type": "type.googleapis.com/envoy.extensions.filters.network.tcp_proxy.v3.TcpProxy",
                "statPrefix": "mesh_gateway_remote.lan.dc6",
                "cluster": "dc6.internal.11111111-2222-3333-4444-555555555555.consul"
              }
            }
          ]
        },
        {
          "filters": [
            {
              "name": "envoy.filters.network.sni_cluster"
            },
            {
              "name": "envoy.filters.network.tcp_proxy",
              "typedConfig": {
                "@type": "type.googleapis.com/envoy.extensions.filters.network.tcp_proxy.v3.TcpProxy",
                "statPrefix": "mesh_gateway_local.lan",
                "cluster": ""
              }
            }
          ]
        }
      ],
      "listenerFilters": [
        {
          "name": "envoy.filters.listener.tls_inspector"
        }
      ]
    },
    {
      "@type": "type.googleapis.com/envoy.config.listener.v3.Listener",
      "name": "wan:198.18.0.1:443",
      "address": {
        "socketAddress": {
          "address": "198.18.0.1",
          "portValue": 443
        }
      },
      "filterChains": [
        {
          "filterChainMatch": {
            "serverNames": [
              "*.dc2.internal.11111111-2222-3333-4444-555555555555.consul"
            ]
          },
          "filters": [
            {
              "name": "envoy.filters.network.tcp_proxy",
              "typedConfig": {
                "@type": "type.googleapis.com/envoy.extensions.filters.network.tcp_proxy.v3.TcpProxy",
                "statPrefix": "mesh_gateway_remote.wan.dc2",
                "cluster": "dc2.internal.11111111-2222-3333-4444-555555555555.consul"
              }
            }
          ]
        },
        {
          "filterChainMatch": {
            "serverNames": [
              "*.dc4.internal.11111111-2222-3333-4444-555555555555.consul"
            ]
          },
          "filters": [
            {
              "name": "envoy.filters.network.tcp_proxy",
              "typedConfig": {
                "@type": "type.googleapis.com/envoy.extensions.filters.network.tcp_proxy.v3.TcpProxy",
                "statPrefix": "mesh_gateway_remote.wan.dc4",
                "cluster": "dc4.internal.11111111-2222-3333-4444-555555555555.consul"
              }
            }
          ]
        },
        {
          "filterChainMatch": {
            "serverNames": [
              "*.dc6.internal.11111111-2222-3333-4444-555555555555.consul"
            ]
          },
          "filters": [
            {
              "name": "envoy.filters.network.tcp_proxy",
              "typedConfig": {
                "@type": "type.googleapis.com/envoy.extensions.filters.network.tcp_proxy.v3.TcpProxy",
                "statPrefix": "mesh_gateway_remote.wan.dc6",
                "cluster": "dc6.internal.11111111-2222-3333-4444-555555555555.consul"
              }
            }
          ]
        },
        {
          "filters": [
            {
              "name": "envoy.filters.network.sni_cluster"
            },
            {
              "name": "envoy.filters.network.tcp_proxy",
              "typedConfig": {
                "@type": "type.googleapis.com/envoy.extensions.filters.network.tcp_proxy.v3.TcpProxy",
                "statPrefix": "mesh_gateway_local.wan",
                "cluster": ""
              }
            }
          ]
        }
      ],
      "listenerFilters": [
        {
          "name": "envoy.filters.listener.tls_inspector"
        }
      ]
    }
  ],
  "typeUrl": "type.googleapis.com/envoy.config.listener.v3.Listener",
  "nonce": "00000001"
}