{
  "versionInfo": "00000001",
  "resources": [
    {
      "@type": "type.googleapis.com/envoy.config.listener.v3.Listener",
      "name": "bar:2001:db8::ff:9999",
      "address": {
        "socketAddress": {
          "address": "2001:db8::ff",
          "portValue": 9999
        }
      },
      "filterChains": [
        {
          "filterChainMatch": {
            "serverNames": [
              "*.dc2.internal.11111111-2222-3333-4444-555555555555.consul"
            ]
          },
          "filters": [
            {
              "name": "envoy.filters.network.tcp_proxy",
              "typedConfig": {
                "@type": "type.googleapis.com/envoy.extensions.filters.network.tcp_proxy.v3.TcpProxy",
                "statPrefix": "mesh_gateway_remote.bar.dc2",
                "cluster": "dc2.internal.11111111-2222-3333-4444-555555555555.consul"
              }
            }
          ]
        },
        {
          "filterChainMatch": {
            "serverNames": [
              "*.dc4.internal.11111111-2222-3333-4444-555555555555.consul"
            ]
          },
          "filters": [
            {
              "name": "envoy.filters.network.tcp_proxy",
              "typedConfig": {
                "@type": "type.googleapis.com/envoy.extensions.filters.network.tcp_proxy.v3.TcpProxy",
                "statPrefix": "mesh_gateway_remote.bar.dc4",
                "cluster": "dc4.internal.11111111-2222-3333-4444-555555555555.consul"
              }
            }
          ]
        },
        {
          "filterChainMatch": {
            "serverNames": [
              "*.dc6.internal.11111111-2222-3333-4444-555555555555.consul"
            ]
          },
          "filters": [
            {
              "name": "envoy.filters.network.tcp_proxy",
              "typedConfig": {
                "@type": "type.googleapis.com/envoy.extensions.filters.network.tcp_proxy.v3.TcpProxy",
                "statPrefix": "mesh_gateway_remote.bar.dc6",
                "cluster": "dc6.internal.11111111-2222-3333-4444-555555555555.consul"
              }
            }
          ]
        },
        {
          "filters": [
            {
              "name": "envoy.filters.network.sni_cluster",
              "typedConfig": {
                "@type": "type.googleapis.com/envoy.extensions.filters.network.sni_cluster.v3.SniCluster"
              }
            },
            {
              "name": "envoy.filters.network.tcp_proxy",
              "typedConfig": {
                "@type": "type.googleapis.com/envoy.extensions.filters.network.tcp_proxy.v3.TcpProxy",
                "statPrefix": "mesh_gateway_local.bar",
                "cluster": ""
              }
            }
          ]
        }
      ],
      "listenerFilters": [
        {
          "name": "envoy.filters.listener.tls_inspector",
          "typedConfig": {
            "@type": "type.googleapis.com/envoy.extensions.filters.listener.tls_inspector.v3.TlsInspector"
          }
        }
      ]
    },
    {
      "@type": "type.googleapis.com/envoy.config.listener.v3.Listener",
      "name": "baz:127.0.0.1:8765",
      "address": {
        "socketAddress": {
          "address": "127.0.0.1",
          "portValue": 8765
        }
      },
      "filterChains": [
        {
          "filterChainMatch": {
            "serverNames": [
              "*.dc2.internal.11111111-2222-3333-4444-555555555555.consul"
            ]
          },
          "filters": [
            {
              "name": "envoy.filters.network.tcp_proxy",
              "typedConfig": {
                "@type": "type.googleapis.com/envoy.extensions.filters.network.tcp_proxy.v3.TcpProxy",
                "statPrefix": "mesh_gateway_remote.baz.dc2",
                "cluster": "dc2.internal.11111111-2222-3333-4444-555555555555.consul"
              }
            }
          ]
        },
        {
          "filterChainMatch": {
            "serverNames": [
              "*.dc4.internal.11111111-2222-3333-4444-555555555555.consul"
            ]
          },
          "filters": [
            {
              "name": "envoy.filters.network.tcp_proxy",
              "typedConfig": {
                "@type": "type.googleapis.com/envoy.extensions.filters.network.tcp_proxy.v3.TcpProxy",
                "statPrefix": "mesh_gateway_remote.baz.dc4",
                "cluster": "dc4.internal.11111111-2222-3333-4444-555555555555.consul"
              }
            }
          ]
        },
        {
          "filterChainMatch": {
            "serverNames": [
              "*.dc6.internal.11111111-2222-3333-4444-555555555555.consul"
            ]
          },
          "filters": [
            {
              "name": "envoy.filters.network.tcp_proxy",
              "typedConfig": {
                "@type": "type.googleapis.com/envoy.extensions.filters.network.tcp_proxy.v3.TcpProxy",
                "statPrefix": "mesh_gateway_remote.baz.dc6",
                "cluster": "dc6.internal.11111111-2222-3333-4444-555555555555.consul"
              }
            }
          ]
        },
        {
          "filters": [
            {
              "name": "envoy.filters.network.sni_cluster",
              "typedConfig": {
                "@type": "type.googleapis.com/envoy.extensions.filters.network.sni_cluster.v3.SniCluster"
              }
            },
            {
              "name": "envoy.filters.network.tcp_proxy",
              "typedConfig": {
                "@type": "type.googleapis.com/envoy.extensions.filters.network.tcp_proxy.v3.TcpProxy",
                "statPrefix": "mesh_gateway_local.baz",
                "cluster": ""
              }
            }
          ]
        }
      ],
      "listenerFilters": [
        {
          "name": "envoy.filters.listener.tls_inspector",
          "typedConfig": {
            "@type": "type.googleapis.com/envoy.extensions.filters.listener.tls_inspector.v3.TlsInspector"
          }
        }
      ]
    },
    {
      "@type": "type.googleapis.com/envoy.config.listener.v3.Listener",
      "name": "default:1.2.3.4:8443",
      "address": {
        "socketAddress": {
          "address": "1.2.3.4",
          "portValue": 8443
        }
      },
      "filterChains": [
        {
          "filterChainMatch": {
            "serverNames": [
              "*.dc2.internal.11111111-2222-3333-4444-555555555555.consul"
            ]
          },
          "filters": [
            {
              "name": "envoy.filters.network.tcp_proxy",
              "typedConfig": {
                "@type": "type.googleapis.com/envoy.extensions.filters.network.tcp_proxy.v3.TcpProxy",
                "statPrefix": "mesh_gateway_remote.default.dc2",
                "cluster": "dc2.internal.11111111-2222-3333-4444-555555555555.consul"
              }
            }
          ]
        },
        {
          "filterChainMatch": {
            "serverNames": [
              "*.dc4.internal.11111111-2222-3333-4444-555555555555.consul"
            ]
          },
          "filters": [
            {
              "name": "envoy.filters.network.tcp_proxy",
              "typedConfig": {
                "@type": "type.googleapis.com/envoy.extensions.filters.network.tcp_proxy.v3.TcpProxy",
                "statPrefix": "mesh_gateway_remote.default.dc4",
                "cluster": "dc4.internal.11111111-2222-3333-4444-555555555555.consul"
              }
            }
          ]
        },
        {
          "filterChainMatch": {
            "serverNames": [
              "*.dc6.internal.11111111-2222-3333-4444-555555555555.consul"
            ]
          },
          "filters": [
            {
              "name": "envoy.filters.network.tcp_proxy",
              "typedConfig": {
                "@type": "type.googleapis.com/envoy.extensions.filters.network.tcp_proxy.v3.TcpProxy",
                "statPrefix": "mesh_gateway_remote.default.dc6",
                "cluster": "dc6.internal.11111111-2222-3333-4444-555555555555.consul"
              }
            }
          ]
        },
        {
          "filters": [
            {
              "name": "envoy.filters.network.sni_cluster",
              "typedConfig": {
                "@type": "type.googleapis.com/envoy.extensions.filters.network.sni_cluster.v3.SniCluster"
              }
            },
            {
              "name": "envoy.filters.network.tcp_proxy",
              "typedConfig": {
                "@type": "type.googleapis.com/envoy.extensions.filters.network.tcp_proxy.v3.TcpProxy",
                "statPrefix": "mesh_gateway_local.default",
                "cluster": ""
              }
            }
          ]
        }
      ],
      "listenerFilters": [
        {
          "name": "envoy.filters.listener.tls_inspector",
          "typedConfig": {
            "@type": "type.googleapis.com/envoy.extensions.filters.listener.tls_inspector.v3.TlsInspector"
          }
        }
      ]
    },
    {
      "@type": "type.googleapis.com/envoy.config.listener.v3.Listener",
      "name": "foo:198.17.2.3:8080",
      "address": {
        "socketAddress": {
          "address": "198.17.2.3",
          "portValue": 8080
        }
      },
      "filterChains": [
        {
          "filterChainMatch": {
            "serverNames": [
              "*.dc2.internal.11111111-2222-3333-4444-555555555555.consul"
            ]
          },
          "filters": [
            {
              "name": "envoy.filters.network.tcp_proxy",
              "typedConfig": {
                "@type": "type.googleapis.com/envoy.extensions.filters.network.tcp_proxy.v3.TcpProxy",
                "statPrefix": "mesh_gateway_remote.foo.dc2",
                "cluster": "dc2.internal.11111111-2222-3333-4444-555555555555.consul"
              }
            }
          ]
        },
        {
          "filterChainMatch": {
            "serverNames": [
              "*.dc4.internal.11111111-2222-3333-4444-555555555555.consul"
            ]
          },
          "filters": [
            {
              "name": "envoy.filters.network.tcp_proxy",
              "typedConfig": {
                "@type": "type.googleapis.com/envoy.extensions.filters.network.tcp_proxy.v3.TcpProxy",
                "statPrefix": "mesh_gateway_remote.foo.dc4",
                "cluster": "dc4.internal.11111111-2222-3333-4444-555555555555.consul"
              }
            }
          ]
        },
        {
          "filterChainMatch": {
            "serverNames": [
              "*.dc6.internal.11111111-2222-3333-4444-555555555555.consul"
            ]
          },
          "filters": [
            {
              "name": "envoy.filters.network.tcp_proxy",
              "typedConfig": {
                "@type": "type.googleapis.com/envoy.extensions.filters.network.tcp_proxy.v3.TcpProxy",
                "statPrefix": "mesh_gateway_remote.foo.dc6",
                "cluster": "dc6.internal.11111111-2222-3333-4444-555555555555.consul"
              }
            }
          ]
        },
        {
          "filters": [
            {
              "name": "envoy.filters.network.sni_cluster",
              "typedConfig": {
                "@type": "type.googleapis.com/envoy.extensions.filters.network.sni_cluster.v3.SniCluster"
              }
            },
            {
              "name": "envoy.filters.network.tcp_proxy",
              "typedConfig": {
                "@type": "type.googleapis.com/envoy.extensions.filters.network.tcp_proxy.v3.TcpProxy",
                "statPrefix": "mesh_gateway_local.foo",
                "cluster": ""
              }
            }
          ]
        }
      ],
      "listenerFilters": [
        {
          "name": "envoy.filters.listener.tls_inspector",
          "typedConfig": {
            "@type": "type.googleapis.com/envoy.extensions.filters.listener.tls_inspector.v3.TlsInspector"
          }
        }
      ]
    }
  ],
  "typeUrl": "type.googleapis.com/envoy.config.listener.v3.Listener",
  "nonce": "00000001"
}