{
  "versionInfo": "00000001",
  "resources": [
    {
      "@type": "type.googleapis.com/envoy.api.v2.Listener",
      "name": "default:1.2.3.4:8443",
      "address": {
        "socketAddress": {
          "address": "1.2.3.4",
          "portValue": 8443
        }
      },
      "filterChains": [
        {
          "filters": [
            {
              "name": "envoy.filters.network.sni_cluster"
            },
            {
              "name": "envoy.filters.network.tcp_proxy",
              "typedConfig": {
                "@type": "type.googleapis.com/envoy.config.filter.network.tcp_proxy.v2.TcpProxy",
                "statPrefix": "terminating_gateway.default",
                "cluster": ""
              }
            }
          ]
        }
      ],
      "listenerFilters": [
        {
          "name": "envoy.filters.listener.tls_inspector"
        }
      ],
      "trafficDirection": "INBOUND"
    }
  ],
  "typeUrl": "type.googleapis.com/envoy.api.v2.Listener",
  "nonce": "00000001"
}