{
  "versionInfo": "00000001",
  "resources": [
    {
      "@type": "type.googleapis.com/envoy.config.listener.v3.Listener",
      "name": "default:1.2.3.4:8443",
      "address": {
        "socketAddress": {
          "address": "1.2.3.4",
          "portValue": 8443
        }
      },
      "filterChains": [
        {
          "filterChainMatch": {
            "serverNames": [
              "destination.192-168-0-1.external-IP-TCP.default.dc1.internal.11111111-2222-3333-4444-555555555555.consul"
            ]
          },
          "filters": [
            {
              "name": "envoy.filters.network.rbac",
              "typedConfig": {
                "@type": "type.googleapis.com/envoy.extensions.filters.network.rbac.v3.RBAC",
                "rules": {

                },
                "statPrefix": "connect_authz"
              }
            },
            {
              "name": "envoy.filters.network.tcp_proxy",
              "typedConfig": {
                "@type": "type.googleapis.com/envoy.extensions.filters.network.tcp_proxy.v3.TcpProxy",
                "statPrefix": "upstream.external-IP-TCP.default.default.dc1",
                "cluster": "destination.192-168-0-1.external-IP-TCP.default.dc1.internal.11111111-2222-3333-4444-555555555555.consul"
              }
            }
          ],
          "transportSocket": {
            "name": "tls",
            "typedConfig": {
              "@type": "type.googleapis.com/envoy.extensions.transport_sockets.tls.v3.DownstreamTlsContext",
              "commonTlsContext": {
                "tlsParams": {

                },
                "tlsCertificates": [
                  {
                    "certificateChain": {
                      "inlineString": "placeholder.crt\n"
                    },
                    "privateKey": {
                      "inlineString": "placeholder.key\n"
                    }
                  }
                ],
                "validationContext": {
                  "trustedCa": {
                    "inlineString": "-----BEGIN CERTIFICATE-----\nMIICXDCCAgKgAwIBAgIICpZq70Z9LyUwCgYIKoZIzj0EAwIwFDESMBAGA1UEAxMJ\nVGVzdCBDQSAyMB4XDTE5MDMyMjEzNTgyNloXDTI5MDMyMjEzNTgyNlowFDESMBAG\nA1UEAxMJVGVzdCBDQSAyMFkwEwYHKoZIzj0CAQYIKoZIzj0DAQcDQgAEIhywH1gx\nAsMwuF3ukAI5YL2jFxH6Usnma1HFSfVyxbXX1/uoZEYrj8yCAtdU2yoHETyd+Zx2\nThhRLP79pYegCaOCATwwggE4MA4GA1UdDwEB/wQEAwIBhjAPBgNVHRMBAf8EBTAD\nAQH/MGgGA1UdDgRhBF9kMToxMToxMTphYzoyYTpiYTo5NzpiMjozZjphYzo3Yjpi\nZDpkYTpiZTpiMTo4YTpmYzo5YTpiYTpiNTpiYzo4MzplNzo1ZTo0MTo2ZjpmMjo3\nMzo5NTo1ODowYzpkYjBqBgNVHSMEYzBhgF9kMToxMToxMTphYzoyYTpiYTo5Nzpi\nMjozZjphYzo3YjpiZDpkYTpiZTpiMTo4YTpmYzo5YTpiYTpiNTpiYzo4MzplNzo1\nZTo0MTo2ZjpmMjo3Mzo5NTo1ODowYzpkYjA/BgNVHREEODA2hjRzcGlmZmU6Ly8x\nMTExMTExMS0yMjIyLTMzMzMtNDQ0NC01NTU1NTU1NTU1NTUuY29uc3VsMAoGCCqG\nSM49BAMCA0gAMEUCICOY0i246rQHJt8o8Oya0D5PLL1FnmsQmQqIGCi31RwnAiEA\noR5f6Ku+cig2Il8T8LJujOp2/2A72QcHZA57B13y+8o=\n-----END CERTIFICATE-----\n"
                  }
                }
              },
              "requireClientCertificate": true
            }
          }
        },
        {
          "filterChainMatch": {
            "serverNames": [
              "destination.192-168-0-2.external-IP-HTTP.default.dc1.internal.11111111-2222-3333-4444-555555555555.consul"
            ]
          },
          "filters": [
            {
              "name": "envoy.filters.network.http_connection_manager",
              "typedConfig": {
                "@type": "type.googleapis.com/envoy.extensions.filters.network.http_connection_manager.v3.HttpConnectionManager",
                "statPrefix": "upstream.external-IP-HTTP.default.default.dc1",
                "rds": {
                  "configSource": {
                    "ads": {

                    },
                    "resourceApiVersion": "V3"
                  },
                  "routeConfigName": "destination.192-168-0-2.external-IP-HTTP.default.dc1.internal.11111111-2222-3333-4444-555555555555.consul"
                },
                "httpFilters": [
                  {
                    "name": "envoy.filters.http.rbac",
                    "typedConfig": {
                      "@type": "type.googleapis.com/envoy.extensions.filters.http.rbac.v3.RBAC",
                      "rules": {

                      }
                    }
                  },
                  {
                    "name": "envoy.filters.http.router",
                    "typedConfig": {
                      "@type": "type.googleapis.com/envoy.extensions.filters.http.router.v3.Router"
                    }
                  }
                ],
                "tracing": {
                  "randomSampling": {

                  }
                },
                "forwardClientCertDetails": "APPEND_FORWARD",
                "setCurrentClientCertDetails": {
                  "subject": true,
                  "cert": true,
                  "chain": true,
                  "dns": true,
                  "uri": true
                }
              }
            }
          ],
          "transportSocket": {
            "name": "tls",
            "typedConfig": {
              "@type": "type.googleapis.com/envoy.extensions.transport_sockets.tls.v3.DownstreamTlsContext",
              "commonTlsContext": {
                "tlsParams": {

                },
                "tlsCertificates": [
                  {
                    "certificateChain": {
                      "inlineString": "placeholder.crt\n"
                    },
                    "privateKey": {
                      "inlineString": "placeholder.key\n"
                    }
                  }
                ],
                "validationContext": {
                  "trustedCa": {
                    "inlineString": "-----BEGIN CERTIFICATE-----\nMIICXDCCAgKgAwIBAgIICpZq70Z9LyUwCgYIKoZIzj0EAwIwFDESMBAGA1UEAxMJ\nVGVzdCBDQSAyMB4XDTE5MDMyMjEzNTgyNloXDTI5MDMyMjEzNTgyNlowFDESMBAG\nA1UEAxMJVGVzdCBDQSAyMFkwEwYHKoZIzj0CAQYIKoZIzj0DAQcDQgAEIhywH1gx\nAsMwuF3ukAI5YL2jFxH6Usnma1HFSfVyxbXX1/uoZEYrj8yCAtdU2yoHETyd+Zx2\nThhRLP79pYegCaOCATwwggE4MA4GA1UdDwEB/wQEAwIBhjAPBgNVHRMBAf8EBTAD\nAQH/MGgGA1UdDgRhBF9kMToxMToxMTphYzoyYTpiYTo5NzpiMjozZjphYzo3Yjpi\nZDpkYTpiZTpiMTo4YTpmYzo5YTpiYTpiNTpiYzo4MzplNzo1ZTo0MTo2ZjpmMjo3\nMzo5NTo1ODowYzpkYjBqBgNVHSMEYzBhgF9kMToxMToxMTphYzoyYTpiYTo5Nzpi\nMjozZjphYzo3YjpiZDpkYTpiZTpiMTo4YTpmYzo5YTpiYTpiNTpiYzo4MzplNzo1\nZTo0MTo2ZjpmMjo3Mzo5NTo1ODowYzpkYjA/BgNVHREEODA2hjRzcGlmZmU6Ly8x\nMTExMTExMS0yMjIyLTMzMzMtNDQ0NC01NTU1NTU1NTU1NTUuY29uc3VsMAoGCCqG\nSM49BAMCA0gAMEUCICOY0i246rQHJt8o8Oya0D5PLL1FnmsQmQqIGCi31RwnAiEA\noR5f6Ku+cig2Il8T8LJujOp2/2A72QcHZA57B13y+8o=\n-----END CERTIFICATE-----\n"
                  }
                }
              },
              "requireClientCertificate": true
            }
          }
        },
        {
          "filterChainMatch": {
            "serverNames": [
              "destination.192-168-0-2.external-IP-TCP.default.dc1.internal.11111111-2222-3333-4444-555555555555.consul"
            ]
          },
          "filters": [
            {
              "name": "envoy.filters.network.rbac",
              "typedConfig": {
                "@type": "type.googleapis.com/envoy.extensions.filters.network.rbac.v3.RBAC",
                "rules": {

                },
                "statPrefix": "connect_authz"
              }
            },
            {
              "name": "envoy.filters.network.tcp_proxy",
              "typedConfig": {
                "@type": "type.googleapis.com/envoy.extensions.filters.network.tcp_proxy.v3.TcpProxy",
                "statPrefix": "upstream.external-IP-TCP.default.default.dc1",
                "cluster": "destination.192-168-0-2.external-IP-TCP.default.dc1.internal.11111111-2222-3333-4444-555555555555.consul"
              }
            }
          ],
          "transportSocket": {
            "name": "tls",
            "typedConfig": {
              "@type": "type.googleapis.com/envoy.extensions.transport_sockets.tls.v3.DownstreamTlsContext",
              "commonTlsContext": {
                "tlsParams": {

                },
                "tlsCertificates": [
                  {
                    "certificateChain": {
                      "inlineString": "placeholder.crt\n"
                    },
                    "privateKey": {
                      "inlineString": "placeholder.key\n"
                    }
                  }
                ],
                "validationContext": {
                  "trustedCa": {
                    "inlineString": "-----BEGIN CERTIFICATE-----\nMIICXDCCAgKgAwIBAgIICpZq70Z9LyUwCgYIKoZIzj0EAwIwFDESMBAGA1UEAxMJ\nVGVzdCBDQSAyMB4XDTE5MDMyMjEzNTgyNloXDTI5MDMyMjEzNTgyNlowFDESMBAG\nA1UEAxMJVGVzdCBDQSAyMFkwEwYHKoZIzj0CAQYIKoZIzj0DAQcDQgAEIhywH1gx\nAsMwuF3ukAI5YL2jFxH6Usnma1HFSfVyxbXX1/uoZEYrj8yCAtdU2yoHETyd+Zx2\nThhRLP79pYegCaOCATwwggE4MA4GA1UdDwEB/wQEAwIBhjAPBgNVHRMBAf8EBTAD\nAQH/MGgGA1UdDgRhBF9kMToxMToxMTphYzoyYTpiYTo5NzpiMjozZjphYzo3Yjpi\nZDpkYTpiZTpiMTo4YTpmYzo5YTpiYTpiNTpiYzo4MzplNzo1ZTo0MTo2ZjpmMjo3\nMzo5NTo1ODowYzpkYjBqBgNVHSMEYzBhgF9kMToxMToxMTphYzoyYTpiYTo5Nzpi\nMjozZjphYzo3YjpiZDpkYTpiZTpiMTo4YTpmYzo5YTpiYTpiNTpiYzo4MzplNzo1\nZTo0MTo2ZjpmMjo3Mzo5NTo1ODowYzpkYjA/BgNVHREEODA2hjRzcGlmZmU6Ly8x\nMTExMTExMS0yMjIyLTMzMzMtNDQ0NC01NTU1NTU1NTU1NTUuY29uc3VsMAoGCCqG\nSM49BAMCA0gAMEUCICOY0i246rQHJt8o8Oya0D5PLL1FnmsQmQqIGCi31RwnAiEA\noR5f6Ku+cig2Il8T8LJujOp2/2A72QcHZA57B13y+8o=\n-----END CERTIFICATE-----\n"
                  }
                }
              },
              "requireClientCertificate": true
            }
          }
        },
        {
          "filterChainMatch": {
            "serverNames": [
              "destination.192-168-0-3.external-IP-TCP.default.dc1.internal.11111111-2222-3333-4444-555555555555.consul"
            ]
          },
          "filters": [
            {
              "name": "envoy.filters.network.rbac",
              "typedConfig": {
                "@type": "type.googleapis.com/envoy.extensions.filters.network.rbac.v3.RBAC",
                "rules": {

                },
                "statPrefix": "connect_authz"
              }
            },
            {
              "name": "envoy.filters.network.tcp_proxy",
              "typedConfig": {
                "@type": "type.googleapis.com/envoy.extensions.filters.network.tcp_proxy.v3.TcpProxy",
                "statPrefix": "upstream.external-IP-TCP.default.default.dc1",
                "cluster": "destination.192-168-0-3.external-IP-TCP.default.dc1.internal.11111111-2222-3333-4444-555555555555.consul"
              }
            }
          ],
          "transportSocket": {
            "name": "tls",
            "typedConfig": {
              "@type": "type.googleapis.com/envoy.extensions.transport_sockets.tls.v3.DownstreamTlsContext",
              "commonTlsContext": {
                "tlsParams": {

                },
                "tlsCertificates": [
                  {
                    "certificateChain": {
                      "inlineString": "placeholder.crt\n"
                    },
                    "privateKey": {
                      "inlineString": "placeholder.key\n"
                    }
                  }
                ],
                "validationContext": {
                  "trustedCa": {
                    "inlineString": "-----BEGIN CERTIFICATE-----\nMIICXDCCAgKgAwIBAgIICpZq70Z9LyUwCgYIKoZIzj0EAwIwFDESMBAGA1UEAxMJ\nVGVzdCBDQSAyMB4XDTE5MDMyMjEzNTgyNloXDTI5MDMyMjEzNTgyNlowFDESMBAG\nA1UEAxMJVGVzdCBDQSAyMFkwEwYHKoZIzj0CAQYIKoZIzj0DAQcDQgAEIhywH1gx\nAsMwuF3ukAI5YL2jFxH6Usnma1HFSfVyxbXX1/uoZEYrj8yCAtdU2yoHETyd+Zx2\nThhRLP79pYegCaOCATwwggE4MA4GA1UdDwEB/wQEAwIBhjAPBgNVHRMBAf8EBTAD\nAQH/MGgGA1UdDgRhBF9kMToxMToxMTphYzoyYTpiYTo5NzpiMjozZjphYzo3Yjpi\nZDpkYTpiZTpiMTo4YTpmYzo5YTpiYTpiNTpiYzo4MzplNzo1ZTo0MTo2ZjpmMjo3\nMzo5NTo1ODowYzpkYjBqBgNVHSMEYzBhgF9kMToxMToxMTphYzoyYTpiYTo5Nzpi\nMjozZjphYzo3YjpiZDpkYTpiZTpiMTo4YTpmYzo5YTpiYTpiNTpiYzo4MzplNzo1\nZTo0MTo2ZjpmMjo3Mzo5NTo1ODowYzpkYjA/BgNVHREEODA2hjRzcGlmZmU6Ly8x\nMTExMTExMS0yMjIyLTMzMzMtNDQ0NC01NTU1NTU1NTU1NTUuY29uc3VsMAoGCCqG\nSM49BAMCA0gAMEUCICOY0i246rQHJt8o8Oya0D5PLL1FnmsQmQqIGCi31RwnAiEA\noR5f6Ku+cig2Il8T8LJujOp2/2A72QcHZA57B13y+8o=\n-----END CERTIFICATE-----\n"
                  }
                }
              },
              "requireClientCertificate": true
            }
          }
        },
        {
          "filterChainMatch": {
            "serverNames": [
              "destination.api-hashicorp-com.external-hostname-TCP.default.dc1.internal.11111111-2222-3333-4444-555555555555.consul"
            ]
          },
          "filters": [
            {
              "name": "envoy.filters.network.rbac",
              "typedConfig": {
                "@type": "type.googleapis.com/envoy.extensions.filters.network.rbac.v3.RBAC",
                "rules": {

                },
                "statPrefix": "connect_authz"
              }
            },
            {
              "name": "envoy.filters.network.tcp_proxy",
              "typedConfig": {
                "@type": "type.googleapis.com/envoy.extensions.filters.network.tcp_proxy.v3.TcpProxy",
                "statPrefix": "upstream.external-hostname-TCP.default.default.dc1",
                "cluster": "destination.api-hashicorp-com.external-hostname-TCP.default.dc1.internal.11111111-2222-3333-4444-555555555555.consul"
              }
            }
          ],
          "transportSocket": {
            "name": "tls",
            "typedConfig": {
              "@type": "type.googleapis.com/envoy.extensions.transport_sockets.tls.v3.DownstreamTlsContext",
              "commonTlsContext": {
                "tlsParams": {

                },
                "tlsCertificates": [
                  {
                    "certificateChain": {
                      "inlineString": "placeholder.crt\n"
                    },
                    "privateKey": {
                      "inlineString": "placeholder.key\n"
                    }
                  }
                ],
                "validationContext": {
                  "trustedCa": {
                    "inlineString": "-----BEGIN CERTIFICATE-----\nMIICXDCCAgKgAwIBAgIICpZq70Z9LyUwCgYIKoZIzj0EAwIwFDESMBAGA1UEAxMJ\nVGVzdCBDQSAyMB4XDTE5MDMyMjEzNTgyNloXDTI5MDMyMjEzNTgyNlowFDESMBAG\nA1UEAxMJVGVzdCBDQSAyMFkwEwYHKoZIzj0CAQYIKoZIzj0DAQcDQgAEIhywH1gx\nAsMwuF3ukAI5YL2jFxH6Usnma1HFSfVyxbXX1/uoZEYrj8yCAtdU2yoHETyd+Zx2\nThhRLP79pYegCaOCATwwggE4MA4GA1UdDwEB/wQEAwIBhjAPBgNVHRMBAf8EBTAD\nAQH/MGgGA1UdDgRhBF9kMToxMToxMTphYzoyYTpiYTo5NzpiMjozZjphYzo3Yjpi\nZDpkYTpiZTpiMTo4YTpmYzo5YTpiYTpiNTpiYzo4MzplNzo1ZTo0MTo2ZjpmMjo3\nMzo5NTo1ODowYzpkYjBqBgNVHSMEYzBhgF9kMToxMToxMTphYzoyYTpiYTo5Nzpi\nMjozZjphYzo3YjpiZDpkYTpiZTpiMTo4YTpmYzo5YTpiYTpiNTpiYzo4MzplNzo1\nZTo0MTo2ZjpmMjo3Mzo5NTo1ODowYzpkYjA/BgNVHREEODA2hjRzcGlmZmU6Ly8x\nMTExMTExMS0yMjIyLTMzMzMtNDQ0NC01NTU1NTU1NTU1NTUuY29uc3VsMAoGCCqG\nSM49BAMCA0gAMEUCICOY0i246rQHJt8o8Oya0D5PLL1FnmsQmQqIGCi31RwnAiEA\noR5f6Ku+cig2Il8T8LJujOp2/2A72QcHZA57B13y+8o=\n-----END CERTIFICATE-----\n"
                  }
                }
              },
              "requireClientCertificate": true
            }
          }
        },
        {
          "filterChainMatch": {
            "serverNames": [
              "destination.api-test-com.external-hostname-with-SNI.default.dc1.internal.11111111-2222-3333-4444-555555555555.consul"
            ]
          },
          "filters": [
            {
              "name": "envoy.filters.network.rbac",
              "typedConfig": {
                "@type": "type.googleapis.com/envoy.extensions.filters.network.rbac.v3.RBAC",
                "rules": {

                },
                "statPrefix": "connect_authz"
              }
            },
            {
              "name": "envoy.filters.network.tcp_proxy",
              "typedConfig": {
                "@type": "type.googleapis.com/envoy.extensions.filters.network.tcp_proxy.v3.TcpProxy",
                "statPrefix": "upstream.external-hostname-with-SNI.default.default.dc1",
                "cluster": "destination.api-test-com.external-hostname-with-SNI.default.dc1.internal.11111111-2222-3333-4444-555555555555.consul"
              }
            }
          ],
          "transportSocket": {
            "name": "tls",
            "typedConfig": {
              "@type": "type.googleapis.com/envoy.extensions.transport_sockets.tls.v3.DownstreamTlsContext",
              "commonTlsContext": {
                "tlsParams": {

                },
                "tlsCertificates": [
                  {
                    "certificateChain": {
                      "inlineString": "placeholder.crt\n"
                    },
                    "privateKey": {
                      "inlineString": "placeholder.key\n"
                    }
                  }
                ],
                "validationContext": {
                  "trustedCa": {
                    "inlineString": "-----BEGIN CERTIFICATE-----\nMIICXDCCAgKgAwIBAgIICpZq70Z9LyUwCgYIKoZIzj0EAwIwFDESMBAGA1UEAxMJ\nVGVzdCBDQSAyMB4XDTE5MDMyMjEzNTgyNloXDTI5MDMyMjEzNTgyNlowFDESMBAG\nA1UEAxMJVGVzdCBDQSAyMFkwEwYHKoZIzj0CAQYIKoZIzj0DAQcDQgAEIhywH1gx\nAsMwuF3ukAI5YL2jFxH6Usnma1HFSfVyxbXX1/uoZEYrj8yCAtdU2yoHETyd+Zx2\nThhRLP79pYegCaOCATwwggE4MA4GA1UdDwEB/wQEAwIBhjAPBgNVHRMBAf8EBTAD\nAQH/MGgGA1UdDgRhBF9kMToxMToxMTphYzoyYTpiYTo5NzpiMjozZjphYzo3Yjpi\nZDpkYTpiZTpiMTo4YTpmYzo5YTpiYTpiNTpiYzo4MzplNzo1ZTo0MTo2ZjpmMjo3\nMzo5NTo1ODowYzpkYjBqBgNVHSMEYzBhgF9kMToxMToxMTphYzoyYTpiYTo5Nzpi\nMjozZjphYzo3YjpiZDpkYTpiZTpiMTo4YTpmYzo5YTpiYTpiNTpiYzo4MzplNzo1\nZTo0MTo2ZjpmMjo3Mzo5NTo1ODowYzpkYjA/BgNVHREEODA2hjRzcGlmZmU6Ly8x\nMTExMTExMS0yMjIyLTMzMzMtNDQ0NC01NTU1NTU1NTU1NTUuY29uc3VsMAoGCCqG\nSM49BAMCA0gAMEUCICOY0i246rQHJt8o8Oya0D5PLL1FnmsQmQqIGCi31RwnAiEA\noR5f6Ku+cig2Il8T8LJujOp2/2A72QcHZA57B13y+8o=\n-----END CERTIFICATE-----\n"
                  }
                }
              },
              "requireClientCertificate": true
            }
          }
        },
        {
          "filterChainMatch": {
            "serverNames": [
              "destination.httpbin-org.external-hostname-HTTP.default.dc1.internal.11111111-2222-3333-4444-555555555555.consul"
            ]
          },
          "filters": [
            {
              "name": "envoy.filters.network.http_connection_manager",
              "typedConfig": {
                "@type": "type.googleapis.com/envoy.extensions.filters.network.http_connection_manager.v3.HttpConnectionManager",
                "statPrefix": "upstream.external-hostname-HTTP.default.default.dc1",
                "rds": {
                  "configSource": {
                    "ads": {

                    },
                    "resourceApiVersion": "V3"
                  },
                  "routeConfigName": "destination.httpbin-org.external-hostname-HTTP.default.dc1.internal.11111111-2222-3333-4444-555555555555.consul"
                },
                "httpFilters": [
                  {
                    "name": "envoy.filters.http.rbac",
                    "typedConfig": {
                      "@type": "type.googleapis.com/envoy.extensions.filters.http.rbac.v3.RBAC",
                      "rules": {

                      }
                    }
                  },
                  {
                    "name": "envoy.filters.http.router",
                    "typedConfig": {
                      "@type": "type.googleapis.com/envoy.extensions.filters.http.router.v3.Router"
                    }
                  }
                ],
                "tracing": {
                  "randomSampling": {

                  }
                },
                "forwardClientCertDetails": "APPEND_FORWARD",
                "setCurrentClientCertDetails": {
                  "subject": true,
                  "cert": true,
                  "chain": true,
                  "dns": true,
                  "uri": true
                }
              }
            }
          ],
          "transportSocket": {
            "name": "tls",
            "typedConfig": {
              "@type": "type.googleapis.com/envoy.extensions.transport_sockets.tls.v3.DownstreamTlsContext",
              "commonTlsContext": {
                "tlsParams": {

                },
                "tlsCertificates": [
                  {
                    "certificateChain": {
                      "inlineString": "placeholder.crt\n"
                    },
                    "privateKey": {
                      "inlineString": "placeholder.key\n"
                    }
                  }
                ],
                "validationContext": {
                  "trustedCa": {
                    "inlineString": "-----BEGIN CERTIFICATE-----\nMIICXDCCAgKgAwIBAgIICpZq70Z9LyUwCgYIKoZIzj0EAwIwFDESMBAGA1UEAxMJ\nVGVzdCBDQSAyMB4XDTE5MDMyMjEzNTgyNloXDTI5MDMyMjEzNTgyNlowFDESMBAG\nA1UEAxMJVGVzdCBDQSAyMFkwEwYHKoZIzj0CAQYIKoZIzj0DAQcDQgAEIhywH1gx\nAsMwuF3ukAI5YL2jFxH6Usnma1HFSfVyxbXX1/uoZEYrj8yCAtdU2yoHETyd+Zx2\nThhRLP79pYegCaOCATwwggE4MA4GA1UdDwEB/wQEAwIBhjAPBgNVHRMBAf8EBTAD\nAQH/MGgGA1UdDgRhBF9kMToxMToxMTphYzoyYTpiYTo5NzpiMjozZjphYzo3Yjpi\nZDpkYTpiZTpiMTo4YTpmYzo5YTpiYTpiNTpiYzo4MzplNzo1ZTo0MTo2ZjpmMjo3\nMzo5NTo1ODowYzpkYjBqBgNVHSMEYzBhgF9kMToxMToxMTphYzoyYTpiYTo5Nzpi\nMjozZjphYzo3YjpiZDpkYTpiZTpiMTo4YTpmYzo5YTpiYTpiNTpiYzo4MzplNzo1\nZTo0MTo2ZjpmMjo3Mzo5NTo1ODowYzpkYjA/BgNVHREEODA2hjRzcGlmZmU6Ly8x\nMTExMTExMS0yMjIyLTMzMzMtNDQ0NC01NTU1NTU1NTU1NTUuY29uc3VsMAoGCCqG\nSM49BAMCA0gAMEUCICOY0i246rQHJt8o8Oya0D5PLL1FnmsQmQqIGCi31RwnAiEA\noR5f6Ku+cig2Il8T8LJujOp2/2A72QcHZA57B13y+8o=\n-----END CERTIFICATE-----\n"
                  }
                }
              },
              "requireClientCertificate": true
            }
          }
        },
        {
          "filterChainMatch": {
            "serverNames": [
              "destination.web-hashicorp-com.external-hostname-TCP.default.dc1.internal.11111111-2222-3333-4444-555555555555.consul"
            ]
          },
          "filters": [
            {
              "name": "envoy.filters.network.rbac",
              "typedConfig": {
                "@type": "type.googleapis.com/envoy.extensions.filters.network.rbac.v3.RBAC",
                "rules": {

                },
                "statPrefix": "connect_authz"
              }
            },
            {
              "name": "envoy.filters.network.tcp_proxy",
              "typedConfig": {
                "@type": "type.googleapis.com/envoy.extensions.filters.network.tcp_proxy.v3.TcpProxy",
                "statPrefix": "upstream.external-hostname-TCP.default.default.dc1",
                "cluster": "destination.web-hashicorp-com.external-hostname-TCP.default.dc1.internal.11111111-2222-3333-4444-555555555555.consul"
              }
            }
          ],
          "transportSocket": {
            "name": "tls",
            "typedConfig": {
              "@type": "type.googleapis.com/envoy.extensions.transport_sockets.tls.v3.DownstreamTlsContext",
              "commonTlsContext": {
                "tlsParams": {

                },
                "tlsCertificates": [
                  {
                    "certificateChain": {
                      "inlineString": "placeholder.crt\n"
                    },
                    "privateKey": {
                      "inlineString": "placeholder.key\n"
                    }
                  }
                ],
                "validationContext": {
                  "trustedCa": {
                    "inlineString": "-----BEGIN CERTIFICATE-----\nMIICXDCCAgKgAwIBAgIICpZq70Z9LyUwCgYIKoZIzj0EAwIwFDESMBAGA1UEAxMJ\nVGVzdCBDQSAyMB4XDTE5MDMyMjEzNTgyNloXDTI5MDMyMjEzNTgyNlowFDESMBAG\nA1UEAxMJVGVzdCBDQSAyMFkwEwYHKoZIzj0CAQYIKoZIzj0DAQcDQgAEIhywH1gx\nAsMwuF3ukAI5YL2jFxH6Usnma1HFSfVyxbXX1/uoZEYrj8yCAtdU2yoHETyd+Zx2\nThhRLP79pYegCaOCATwwggE4MA4GA1UdDwEB/wQEAwIBhjAPBgNVHRMBAf8EBTAD\nAQH/MGgGA1UdDgRhBF9kMToxMToxMTphYzoyYTpiYTo5NzpiMjozZjphYzo3Yjpi\nZDpkYTpiZTpiMTo4YTpmYzo5YTpiYTpiNTpiYzo4MzplNzo1ZTo0MTo2ZjpmMjo3\nMzo5NTo1ODowYzpkYjBqBgNVHSMEYzBhgF9kMToxMToxMTphYzoyYTpiYTo5Nzpi\nMjozZjphYzo3YjpiZDpkYTpiZTpiMTo4YTpmYzo5YTpiYTpiNTpiYzo4MzplNzo1\nZTo0MTo2ZjpmMjo3Mzo5NTo1ODowYzpkYjA/BgNVHREEODA2hjRzcGlmZmU6Ly8x\nMTExMTExMS0yMjIyLTMzMzMtNDQ0NC01NTU1NTU1NTU1NTUuY29uc3VsMAoGCCqG\nSM49BAMCA0gAMEUCICOY0i246rQHJt8o8Oya0D5PLL1FnmsQmQqIGCi31RwnAiEA\noR5f6Ku+cig2Il8T8LJujOp2/2A72QcHZA57B13y+8o=\n-----END CERTIFICATE-----\n"
                  }
                }
              },
              "requireClientCertificate": true
            }
          }
        },
        {
          "filters": [
            {
              "name": "envoy.filters.network.sni_cluster",
              "typedConfig": {
                "@type": "type.googleapis.com/envoy.extensions.filters.network.sni_cluster.v3.SniCluster"
              }
            },
            {
              "name": "envoy.filters.network.tcp_proxy",
              "typedConfig": {
                "@type": "type.googleapis.com/envoy.extensions.filters.network.tcp_proxy.v3.TcpProxy",
                "statPrefix": "terminating_gateway.default",
                "cluster": ""
              }
            }
          ]
        }
      ],
      "listenerFilters": [
        {
          "name": "envoy.filters.listener.tls_inspector",
          "typedConfig": {
            "@type": "type.googleapis.com/envoy.extensions.filters.listener.tls_inspector.v3.TlsInspector"
          }
        }
      ],
      "trafficDirection": "INBOUND"
    }
  ],
  "typeUrl": "type.googleapis.com/envoy.config.listener.v3.Listener",
  "nonce": "00000001"
}