{
  "nonce": "00000001",
  "resources": [
    {
      "@type": "type.googleapis.com/envoy.config.cluster.v3.Cluster",
      "connectTimeout": "5s",
      "edsClusterConfig": {
        "edsConfig": {
          "ads": {},
          "resourceApiVersion": "V3"
        }
      },
      "name": "server.dc2.peering.6d942ff2-6a78-46f4-a52f-915e26c48797",
      "outlierDetection": {},
      "type": "EDS"
    },
    {
      "@type": "type.googleapis.com/envoy.config.cluster.v3.Cluster",
      "connectTimeout": "5s",
      "edsClusterConfig": {
        "edsConfig": {
          "ads": {},
          "resourceApiVersion": "V3"
        }
      },
      "name": "server.dc2.peering.f3f41279-001d-42bb-912e-f6103fb036b8",
      "outlierDetection": {},
      "type": "EDS"
    },
    {
      "@type": "type.googleapis.com/envoy.config.cluster.v3.Cluster",
      "connectTimeout": "5s",
      "dnsLookupFamily": "V4_ONLY",
      "dnsRefreshRate": "10s",
      "loadAssignment": {
        "clusterName": "server.dc3.peering.f622dc37-7238-4485-ab58-0f53864a9ae5",
        "endpoints": [
          {
            "lbEndpoints": [
              {
                "endpoint": {
                  "address": {
                    "socketAddress": {
                      "address": "my-load-balancer-1234567890abcdef.elb.us-east-2.amazonaws.com",
                      "portValue": 8080
                    }
                  }
                }
              }
            ]
          }
        ]
      },
      "name": "server.dc3.peering.f622dc37-7238-4485-ab58-0f53864a9ae5",
      "outlierDetection": {},
      "type": "STRICT_DNS"
    }
  ],
  "typeUrl": "type.googleapis.com/envoy.config.cluster.v3.Cluster",
  "versionInfo": "00000001"
}