{
  "versionInfo":  "00000001",
  "resources":  [
    {
      "@type":  "type.googleapis.com/envoy.config.listener.v3.Listener",
      "name":  "default/local/bar/api-1:tcp:1.1.1.1:1234",
      "address":  {
        "socketAddress":  {
          "address":  "1.1.1.1",
          "portValue":  1234
        }
      },
      "filterChains":  [
        {
          "filters":  [
            {
              "name":  "envoy.filters.network.tcp_proxy",
              "typedConfig":  {
                "@type":  "type.googleapis.com/envoy.extensions.filters.network.tcp_proxy.v3.TcpProxy",
                "statPrefix":  "upstream.tcp.api-1.bar.default.dc1",
                "weightedClusters":  {
                  "clusters":  [
                    {
                      "name":  "tcp.api-2.bar.dc1.internal.foo.consul",
                      "weight":  60
                    },
                    {
                      "name":  "tcp.api-1.bar.dc1.internal.foo.consul",
                      "weight":  40
                    },
                    {
                      "name":  "null_route_cluster",
                      "weight":  10
                    }
                  ]
                }
              }
            }
          ]
        }
      ],
      "trafficDirection":  "OUTBOUND"
    }
  ],
  "typeUrl":  "type.googleapis.com/envoy.config.listener.v3.Listener",
  "nonce":  "00000001"
}