{
  "versionInfo":  "00000001",
  "resources":  [
    {
      "@type":  "type.googleapis.com/envoy.config.listener.v3.Listener",
      "name":  "default/local/bar/api-2:tcp:/path/to/socket",
      "address":  {
        "pipe":  {
          "path":  "/path/to/socket",
          "mode":  438
        }
      },
      "filterChains":  [
        {
          "filters":  [
            {
              "name":  "envoy.filters.network.tcp_proxy",
              "typedConfig":  {
                "@type":  "type.googleapis.com/envoy.extensions.filters.network.tcp_proxy.v3.TcpProxy",
                "statPrefix":  "upstream.tcp.api-2.bar.default.dc1",
                "cluster":  "tcp.api-2.bar.dc1.internal.foo.consul"
              }
            }
          ]
        }
      ],
      "trafficDirection":  "OUTBOUND"
    }
  ],
  "typeUrl":  "type.googleapis.com/envoy.config.listener.v3.Listener",
  "nonce":  "00000001"
}