{
  "versionInfo":  "00000001",
  "resources":  [
    {
      "@type":  "type.googleapis.com/envoy.config.listener.v3.Listener",
      "name":  "outbound_listener",
      "address":  {
        "socketAddress":  {
          "address":  "127.0.0.1",
          "portValue":  15001
        }
      },
      "filterChains":  [
        {
          "filterChainMatch":  {
            "destinationPort":  7070,
            "prefixRanges":  [
              {
                "addressPrefix":  "1.1.1.1",
                "prefixLen":  32
              }
            ]
          },
          "filters":  [
            {
              "name":  "envoy.filters.network.tcp_proxy",
              "typedConfig":  {
                "@type":  "type.googleapis.com/envoy.extensions.filters.network.tcp_proxy.v3.TcpProxy",
                "statPrefix":  "upstream.tcp.api-app.bar.default.dc1",
                "cluster":  "tcp.api-app.bar.dc1.internal.foo.consul"
              }
            }
          ]
        },
        {
          "filterChainMatch":  {
            "destinationPort":  8080,
            "prefixRanges":  [
              {
                "addressPrefix":  "1.1.1.1",
                "prefixLen":  32
              }
            ]
          },
          "filters":  [
            {
              "name":  "envoy.filters.network.http_connection_manager",
              "typedConfig":  {
                "@type":  "type.googleapis.com/envoy.extensions.filters.network.http_connection_manager.v3.HttpConnectionManager",
                "statPrefix":  "upstream.http.api-app.bar.default.dc1",
                "rds":  {
                  "configSource":  {
                    "ads":  {},
                    "resourceApiVersion":  "V3"
                  },
                  "routeConfigName":  "default/local/bar/api-app:http"
                },
                "httpFilters":  [
                  {
                    "name":  "envoy.filters.http.router",
                    "typedConfig":  {
                      "@type":  "type.googleapis.com/envoy.extensions.filters.http.router.v3.Router"
                    }
                  }
                ],
                "tracing":  {
                  "randomSampling":  {}
                },
                "upgradeConfigs":  [
                  {
                    "upgradeType":  "websocket"
                  }
                ]
              }
            }
          ]
        },
        {
          "filterChainMatch":  {
            "destinationPort":  8081,
            "prefixRanges":  [
              {
                "addressPrefix":  "1.1.1.1",
                "prefixLen":  32
              }
            ]
          },
          "filters":  [
            {
              "name":  "envoy.filters.network.tcp_proxy",
              "typedConfig":  {
                "@type":  "type.googleapis.com/envoy.extensions.filters.network.tcp_proxy.v3.TcpProxy",
                "statPrefix":  "upstream.tcp2.api-app.bar.default.dc1",
                "cluster":  "tcp2.api-app.bar.dc1.internal.foo.consul"
              }
            }
          ]
        }
      ],
      "defaultFilterChain":  {
        "filters":  [
          {
            "name":  "envoy.filters.network.tcp_proxy",
            "typedConfig":  {
              "@type":  "type.googleapis.com/envoy.extensions.filters.network.tcp_proxy.v3.TcpProxy",
              "statPrefix":  "upstream.original-destination",
              "cluster":  "original-destination"
            }
          }
        ]
      },
      "listenerFilters":  [
        {
          "name":  "envoy.filters.listener.original_dst",
          "typedConfig":  {
            "@type":  "type.googleapis.com/envoy.extensions.filters.listener.original_dst.v3.OriginalDst"
          }
        }
      ],
      "trafficDirection":  "OUTBOUND"
    }
  ],
  "typeUrl":  "type.googleapis.com/envoy.config.listener.v3.Listener",
  "nonce":  "00000001"
}