{
  "versionInfo":  "00000001",
  "resources":  [
    {
      "@type":  "type.googleapis.com/envoy.config.cluster.v3.Cluster",
      "name":  "tcp.api-1.default.dc1.internal.foo.consul",
      "type":  "EDS",
      "edsClusterConfig":  {
        "edsConfig":  {
          "ads":  {},
          "resourceApiVersion":  "V3"
        }
      }
    }
  ],
  "typeUrl":  "type.googleapis.com/envoy.config.cluster.v3.Cluster",
  "nonce":  "00000001"
}