{
  "name":  "envoy.filters.http.rbac",
  "typedConfig":  {
    "@type":  "type.googleapis.com/envoy.extensions.filters.http.rbac.v3.RBAC",
    "rules":  {
      "action":  "DENY",
      "policies":  {
        "consul-intentions-layer7-0":  {
          "permissions":  [
            {
              "andRules":  {
                "rules":  [
                  {
                    "urlPath":  {
                      "path":  {
                        "prefix":  "/v1"
                      }
                    }
                  },
                  {
                    "notRule":  {
                      "urlPath":  {
                        "path":  {
                          "exact":  "/v1/secret"
                        }
                      }
                    }
                  }
                ]
              }
            },
            {
              "andRules":  {
                "rules":  [
                  {
                    "andRules":  {
                      "rules":  [
                        {
                          "urlPath":  {
                            "path":  {
                              "safeRegex":  {
                                "googleRe2":  {},
                                "regex":  "/v[123]"
                              }
                            }
                          }
                        },
                        {
                          "header":  {
                            "name":  ":method",
                            "safeRegexMatch":  {
                              "googleRe2":  {},
                              "regex":  "GET|HEAD|OPTIONS"
                            }
                          }
                        }
                      ]
                    }
                  },
                  {
                    "notRule":  {
                      "urlPath":  {
                        "path":  {
                          "prefix":  "/v1"
                        }
                      }
                    }
                  },
                  {
                    "notRule":  {
                      "urlPath":  {
                        "path":  {
                          "exact":  "/v1/secret"
                        }
                      }
                    }
                  }
                ]
              }
            },
            {
              "andRules":  {
                "rules":  [
                  {
                    "andRules":  {
                      "rules":  [
                        {
                          "header":  {
                            "name":  "x-foo",
                            "presentMatch":  true
                          }
                        },
                        {
                          "header":  {
                            "name":  "x-bar",
                            "stringMatch":  {
                              "exact":  "xyz"
                            }
                          }
                        },
                        {
                          "header":  {
                            "name":  "x-dib",
                            "stringMatch":  {
                              "prefix":  "gaz"
                            }
                          }
                        },
                        {
                          "header":  {
                            "name":  "x-gir",
                            "stringMatch":  {
                              "suffix":  "zim"
                            }
                          }
                        },
                        {
                          "header":  {
                            "name":  "x-zim",
                            "stringMatch":  {
                              "safeRegex":  {
                                "googleRe2":  {},
                                "regex":  "gi[rR]"
                              }
                            }
                          }
                        },
                        {
                          "header":  {
                            "name":  "z-foo",
                            "presentMatch":  true,
                            "invertMatch":  true
                          }
                        },
                        {
                          "header":  {
                            "name":  "z-bar",
                            "stringMatch":  {
                              "exact":  "xyz"
                            },
                            "invertMatch":  true
                          }
                        },
                        {
                          "header":  {
                            "name":  "z-dib",
                            "stringMatch":  {
                              "prefix":  "gaz"
                            },
                            "invertMatch":  true
                          }
                        },
                        {
                          "header":  {
                            "name":  "z-gir",
                            "stringMatch":  {
                              "suffix":  "zim"
                            },
                            "invertMatch":  true
                          }
                        },
                        {
                          "header":  {
                            "name":  "z-zim",
                            "stringMatch":  {
                              "safeRegex":  {
                                "googleRe2":  {},
                                "regex":  "gi[rR]"
                              }
                            },
                            "invertMatch":  true
                          }
                        }
                      ]
                    }
                  },
                  {
                    "notRule":  {
                      "andRules":  {
                        "rules":  [
                          {
                            "urlPath":  {
                              "path":  {
                                "safeRegex":  {
                                  "googleRe2":  {},
                                  "regex":  "/v[123]"
                                }
                              }
                            }
                          },
                          {
                            "header":  {
                              "name":  ":method",
                              "safeRegexMatch":  {
                                "googleRe2":  {},
                                "regex":  "GET|HEAD|OPTIONS"
                              }
                            }
                          }
                        ]
                      }
                    }
                  },
                  {
                    "notRule":  {
                      "urlPath":  {
                        "path":  {
                          "prefix":  "/v1"
                        }
                      }
                    }
                  },
                  {
                    "notRule":  {
                      "urlPath":  {
                        "path":  {
                          "exact":  "/v1/secret"
                        }
                      }
                    }
                  }
                ]
              }
            }
          ],
          "principals":  [
            {
              "authenticated":  {
                "principalName":  {
                  "safeRegex":  {
                    "googleRe2":  {},
                    "regex":  "^spiffe://test.consul/ns/default/dc/[^/]+/svc/web$"
                  }
                }
              }
            }
          ]
        }
      }
    }
  }
}