{
  "name": "envoy.filters.http.rbac",
  "typedConfig": {
    "@type": "type.googleapis.com/envoy.extensions.filters.http.rbac.v3.RBAC",
    "rules": {
      "policies": {
        "consul-intentions-layer4": {
          "permissions": [
            {
              "any": true
            }
          ],
          "principals": [
            {
              "authenticated": {
                "principalName": {
                  "safeRegex": {
                    "regex": "^spiffe://test.consul/ns/default/dc/[^/]+/svc/cron$"
                  }
                }
              }
            },
            {
              "authenticated": {
                "principalName": {
                  "safeRegex": {
                    "regex": "^spiffe://test.consul/ns/default/dc/[^/]+/svc/web$"
                  }
                }
              }
            },
            {
              "andIds": {
                "ids": [
                  {
                    "authenticated": {
                      "principalName": {
                        "safeRegex": {
                          "regex": "^spiffe://test.consul/ns/default/dc/[^/]+/svc/[^/]+$"
                        }
                      }
                    }
                  },
                  {
                    "notId": {
                      "authenticated": {
                        "principalName": {
                          "safeRegex": {
                            "regex": "^spiffe://test.consul/ns/default/dc/[^/]+/svc/web$"
                          }
                        }
                      }
                    }
                  },
                  {
                    "notId": {
                      "authenticated": {
                        "principalName": {
                          "safeRegex": {
                            "regex": "^spiffe://test.consul/ns/default/dc/[^/]+/svc/unsafe$"
                          }
                        }
                      }
                    }
                  },
                  {
                    "notId": {
                      "authenticated": {
                        "principalName": {
                          "safeRegex": {
                            "regex": "^spiffe://test.consul/ns/default/dc/[^/]+/svc/cron$"
                          }
                        }
                      }
                    }
                  }
                ]
              }
            }
          ]
        }
      }
    }
  }
}