{
  "proxyState": {
    "clusters": {
      "tcp.api-2.default.dc1.internal.foo.consul": {
        "altStatName": "tcp.api-2.default.dc1.internal.foo.consul",
        "endpointGroup": {
          "dynamic": {
            "config": {
              "connectTimeout": "5s",
              "disablePanicThreshold": true
            },
            "outboundTls": {
              "alpnProtocols": [
                "consul~tcp"
              ],
              "outboundMesh": {
                "identityKey": "test-identity",
                "sni": "api-2.default.dc1.internal.foo.consul",
                "validationContext": {
                  "spiffeIds": [
                    "spiffe://foo.consul/ap/default/ns/default/identity/api2-identity"
                  ],
                  "trustBundlePeerNameKey": "local"
                }
              }
            }
          }
        },
        "name": "tcp.api-2.default.dc1.internal.foo.consul",
        "protocol": "PROTOCOL_TCP"
      }
    },
    "identity": {
      "name": "test-identity",
      "tenancy": {
        "namespace": "default",
        "partition": "default"
      },
      "type": {
        "group": "auth",
        "groupVersion": "v2beta1",
        "kind": "WorkloadIdentity"
      }
    },
    "listeners": [
      {
        "direction": "DIRECTION_OUTBOUND",
        "name": "default/default/api-2:tcp:/path/to/socket",
        "routers": [
          {
            "l4": {
              "cluster": {
                "name": "tcp.api-2.default.dc1.internal.foo.consul"
              },
              "statPrefix": "upstream.tcp.api-2.default.default.dc1"
            }
          }
        ],
        "unixSocket": {
          "mode": "0666",
          "path": "/path/to/socket"
        }
      }
    ]
  },
  "requiredEndpoints": {
    "tcp.api-2.default.dc1.internal.foo.consul": {
      "id": {
        "name": "api-2",
        "tenancy": {
          "namespace": "default",
          "partition": "default"
        },
        "type": {
          "group": "catalog",
          "groupVersion": "v2beta1",
          "kind": "ServiceEndpoints"
        }
      },
      "meshPort": "mesh",
      "routePort": "tcp"
    }
  },
  "requiredLeafCertificates": {
    "test-identity": {
      "name": "test-identity",
      "namespace": "default",
      "partition": "default"
    }
  },
  "requiredTrustBundles": {
    "local": {
      "peer": "local"
    }
  }
}
