{
  "proxyState": {
    "clusters": {
      "http.api-1.default.dc1.internal.foo.consul": {
        "altStatName": "http.api-1.default.dc1.internal.foo.consul",
        "failoverGroup": {
          "config": {
            "connectTimeout": "55s",
            "useAltStatName": true
          },
          "endpointGroups": [
            {
              "dynamic": {
                "config": {
                  "connectTimeout": "55s",
                  "disablePanicThreshold": true
                },
                "outboundTls": {
                  "alpnProtocols": [
                    "consul~http"
                  ],
                  "outboundMesh": {
                    "identityKey": "test-identity",
                    "sni": "api-1.default.dc1.internal.foo.consul",
                    "validationContext": {
                      "spiffeIds": [
                        "spiffe://foo.consul/ap/default/ns/default/identity/api1-identity"
                      ],
                      "trustBundlePeerNameKey": "local"
                    }
                  }
                }
              }
            },
            {
              "dynamic": {
                "config": {
                  "connectTimeout": "5s",
                  "disablePanicThreshold": true
                },
                "outboundTls": {
                  "alpnProtocols": [
                    "consul~http"
                  ],
                  "outboundMesh": {
                    "identityKey": "test-identity",
                    "sni": "backup-1.default.dc1.internal.foo.consul",
                    "validationContext": {
                      "spiffeIds": [
                        "spiffe://foo.consul/ap/default/ns/default/identity/backup1-identity"
                      ],
                      "trustBundlePeerNameKey": "local"
                    }
                  }
                }
              },
              "name": "failover-target~0~http.api-1.default.dc1.internal.foo.consul"
            }
          ]
        },
        "name": "http.api-1.default.dc1.internal.foo.consul"
      },
      "http.api-2.default.dc1.internal.foo.consul": {
        "altStatName": "http.api-2.default.dc1.internal.foo.consul",
        "endpointGroup": {
          "dynamic": {
            "config": {
              "connectTimeout": "5s",
              "disablePanicThreshold": true
            },
            "outboundTls": {
              "alpnProtocols": [
                "consul~http"
              ],
              "outboundMesh": {
                "identityKey": "test-identity",
                "sni": "api-2.default.dc1.internal.foo.consul",
                "validationContext": {
                  "spiffeIds": [
                    "spiffe://foo.consul/ap/default/ns/default/identity/api2-identity"
                  ],
                  "trustBundlePeerNameKey": "local"
                }
              }
            }
          }
        },
        "name": "http.api-2.default.dc1.internal.foo.consul"
      },
      "null_route_cluster": {
        "endpointGroup": {
          "static": {
            "config": {
              "connectTimeout": "10s"
            }
          }
        },
        "name": "null_route_cluster"
      },
      "tcp.api-1.default.dc1.internal.foo.consul": {
        "altStatName": "tcp.api-1.default.dc1.internal.foo.consul",
        "endpointGroup": {
          "dynamic": {
            "config": {
              "connectTimeout": "5s",
              "disablePanicThreshold": true
            },
            "outboundTls": {
              "alpnProtocols": [
                "consul~tcp"
              ],
              "outboundMesh": {
                "identityKey": "test-identity",
                "sni": "api-1.default.dc1.internal.foo.consul",
                "validationContext": {
                  "spiffeIds": [
                    "spiffe://foo.consul/ap/default/ns/default/identity/api1-identity"
                  ],
                  "trustBundlePeerNameKey": "local"
                }
              }
            }
          }
        },
        "name": "tcp.api-1.default.dc1.internal.foo.consul"
      },
      "tcp.api-2.default.dc1.internal.foo.consul": {
        "altStatName": "tcp.api-2.default.dc1.internal.foo.consul",
        "endpointGroup": {
          "dynamic": {
            "config": {
              "connectTimeout": "5s",
              "disablePanicThreshold": true
            },
            "outboundTls": {
              "alpnProtocols": [
                "consul~tcp"
              ],
              "outboundMesh": {
                "identityKey": "test-identity",
                "sni": "api-2.default.dc1.internal.foo.consul",
                "validationContext": {
                  "spiffeIds": [
                    "spiffe://foo.consul/ap/default/ns/default/identity/api2-identity"
                  ],
                  "trustBundlePeerNameKey": "local"
                }
              }
            }
          }
        },
        "name": "tcp.api-2.default.dc1.internal.foo.consul"
      }
    },
    "identity": {
      "name": "test-identity",
      "tenancy": {
        "namespace": "default",
        "partition": "default",
        "peerName": "local"
      }
    },
    "listeners": [
      {
        "direction": "DIRECTION_OUTBOUND",
        "hostPort": {
          "host": "1.1.1.1",
          "port": 1234
        },
        "name": "api-1:tcp:1.1.1.1:1234",
        "routers": [
          {
            "l4": {
              "statPrefix": "upstream.tcp.api-1.default.default.dc1",
              "weightedClusters": {
                "clusters": [
                  {
                    "name": "tcp.api-2.default.dc1.internal.foo.consul",
                    "weight": 60
                  },
                  {
                    "name": "tcp.api-1.default.dc1.internal.foo.consul",
                    "weight": 40
                  },
                  {
                    "name": "null_route_cluster",
                    "weight": 10
                  }
                ]
              }
            }
          }
        ]
      },
      {
        "direction": "DIRECTION_OUTBOUND",
        "name": "api-2:tcp:/path/to/socket",
        "routers": [
          {
            "l4": {
              "cluster": {
                "name": "tcp.api-2.default.dc1.internal.foo.consul"
              },
              "statPrefix": "upstream.tcp.api-2.default.default.dc1"
            }
          }
        ],
        "unixSocket": {
          "mode": "0666",
          "path": "/path/to/socket"
        }
      },
      {
        "direction": "DIRECTION_OUTBOUND",
        "hostPort": {
          "host": "1.1.1.1",
          "port": 1234
        },
        "name": "api-1:http:1.1.1.1:1234",
        "routers": [
          {
            "l7": {
              "name": "api-1:http:1.1.1.1:1234",
              "statPrefix": "upstream."
            }
          }
        ]
      }
    ],
    "routes": {
      "api-1:http:1.1.1.1:1234": {
        "virtualHosts": [
          {
            "name": "api-1:http:1.1.1.1:1234",
            "routeRules": [
              {
                "destination": {
                  "destinationConfiguration": {
                    "timeoutConfig": {
                      "timeout": "77s"
                    }
                  },
                  "weightedClusters": {
                    "clusters": [
                      {
                        "name": "http.api-2.default.dc1.internal.foo.consul",
                        "weight": 60
                      },
                      {
                        "name": "http.api-1.default.dc1.internal.foo.consul",
                        "weight": 40
                      },
                      {
                        "name": "null_route_cluster",
                        "weight": 10
                      }
                    ]
                  }
                },
                "match": {
                  "pathMatch": {
                    "prefix": "/split"
                  }
                }
              },
              {
                "destination": {
                  "cluster": {
                    "name": "http.api-1.default.dc1.internal.foo.consul"
                  },
                  "destinationConfiguration": {
                    "retryPolicy": {
                      "numRetries": 4,
                      "retryOn": "connect-failure"
                    },
                    "timeoutConfig": {
                      "timeout": "606s"
                    }
                  }
                },
                "match": {
                  "pathMatch": {
                    "prefix": "/"
                  }
                }
              },
              {
                "destination": {
                  "cluster": {
                    "name": "null_route_cluster"
                  }
                },
                "match": {
                  "pathMatch": {
                    "prefix": "/"
                  }
                }
              }
            ]
          }
        ]
      }
    }
  },
  "requiredEndpoints": {
    "failover-target~0~http.api-1.default.dc1.internal.foo.consul": {
      "id": {
        "name": "backup-1",
        "tenancy": {
          "namespace": "default",
          "partition": "default",
          "peerName": "local"
        },
        "type": {
          "group": "catalog",
          "groupVersion": "v2beta1",
          "kind": "ServiceEndpoints"
        }
      },
      "port": "mesh"
    },
    "http.api-1.default.dc1.internal.foo.consul": {
      "id": {
        "name": "api-1",
        "tenancy": {
          "namespace": "default",
          "partition": "default",
          "peerName": "local"
        },
        "type": {
          "group": "catalog",
          "groupVersion": "v2beta1",
          "kind": "ServiceEndpoints"
        }
      },
      "port": "mesh"
    },
    "http.api-2.default.dc1.internal.foo.consul": {
      "id": {
        "name": "api-2",
        "tenancy": {
          "namespace": "default",
          "partition": "default",
          "peerName": "local"
        },
        "type": {
          "group": "catalog",
          "groupVersion": "v2beta1",
          "kind": "ServiceEndpoints"
        }
      },
      "port": "mesh"
    },
    "tcp.api-1.default.dc1.internal.foo.consul": {
      "id": {
        "name": "api-1",
        "tenancy": {
          "namespace": "default",
          "partition": "default",
          "peerName": "local"
        },
        "type": {
          "group": "catalog",
          "groupVersion": "v2beta1",
          "kind": "ServiceEndpoints"
        }
      },
      "port": "mesh"
    },
    "tcp.api-2.default.dc1.internal.foo.consul": {
      "id": {
        "name": "api-2",
        "tenancy": {
          "namespace": "default",
          "partition": "default",
          "peerName": "local"
        },
        "type": {
          "group": "catalog",
          "groupVersion": "v2beta1",
          "kind": "ServiceEndpoints"
        }
      },
      "port": "mesh"
    }
  },
  "requiredLeafCertificates": {
    "test-identity": {
      "name": "test-identity",
      "namespace": "default",
      "partition": "default"
    }
  },
  "requiredTrustBundles": {
    "local": {
      "peer": "local"
    }
  }
}