{
  "proxyState": {
    "clusters": {
      "http.api-app.default.dc1.internal.foo.consul": {
        "altStatName": "http.api-app.default.dc1.internal.foo.consul",
        "endpointGroup": {
          "dynamic": {
            "config": {
              "connectTimeout": "5s",
              "disablePanicThreshold": true
            },
            "outboundTls": {
              "alpnProtocols": [
                "consul~http"
              ],
              "outboundMesh": {
                "identityKey": "test-identity",
                "sni": "api-app.default.dc1.internal.foo.consul",
                "validationContext": {
                  "spiffeIds": [
                    "spiffe://foo.consul/ap/default/ns/default/identity/api-app-identity"
                  ],
                  "trustBundlePeerNameKey": "local"
                }
              }
            }
          }
        },
        "name": "http.api-app.default.dc1.internal.foo.consul"
      },
      "tcp.api-app.default.dc1.internal.foo.consul": {
        "altStatName": "tcp.api-app.default.dc1.internal.foo.consul",
        "endpointGroup": {
          "dynamic": {
            "config": {
              "connectTimeout": "5s",
              "disablePanicThreshold": true
            },
            "outboundTls": {
              "alpnProtocols": [
                "consul~tcp"
              ],
              "outboundMesh": {
                "identityKey": "test-identity",
                "sni": "api-app.default.dc1.internal.foo.consul",
                "validationContext": {
                  "spiffeIds": [
                    "spiffe://foo.consul/ap/default/ns/default/identity/api-app-identity"
                  ],
                  "trustBundlePeerNameKey": "local"
                }
              }
            }
          }
        },
        "name": "tcp.api-app.default.dc1.internal.foo.consul"
      },
      "tcp2.api-app.default.dc1.internal.foo.consul": {
        "altStatName": "tcp2.api-app.default.dc1.internal.foo.consul",
        "endpointGroup": {
          "dynamic": {
            "config": {
              "connectTimeout": "5s",
              "disablePanicThreshold": true
            },
            "outboundTls": {
              "alpnProtocols": [
                "consul~tcp2"
              ],
              "outboundMesh": {
                "identityKey": "test-identity",
                "sni": "api-app.default.dc1.internal.foo.consul",
                "validationContext": {
                  "spiffeIds": [
                    "spiffe://foo.consul/ap/default/ns/default/identity/api-app-identity"
                  ],
                  "trustBundlePeerNameKey": "local"
                }
              }
            }
          }
        },
        "name": "tcp2.api-app.default.dc1.internal.foo.consul"
      }
    },
    "identity": {
      "name": "test-identity",
      "tenancy": {
        "namespace": "default",
        "partition": "default",
        "peerName": "local"
      }
    },
    "listeners": [
      {
        "capabilities": [
          "CAPABILITY_TRANSPARENT"
        ],
        "direction": "DIRECTION_OUTBOUND",
        "hostPort": {
          "host": "127.0.0.1",
          "port": 15001
        },
        "name": "outbound_listener",
        "routers": [
          {
            "l4": {
              "cluster": {
                "name": "tcp.api-app.default.dc1.internal.foo.consul"
              },
              "statPrefix": "upstream.tcp.api-app.default.default.dc1"
            },
            "match": {
              "destinationPort": 7070,
              "prefixRanges": [
                {
                  "addressPrefix": "1.1.1.1",
                  "prefixLen": 32
                }
              ]
            }
          },
          {
            "l4": {
              "cluster": {
                "name": "tcp2.api-app.default.dc1.internal.foo.consul"
              },
              "statPrefix": "upstream.tcp2.api-app.default.default.dc1"
            },
            "match": {
              "destinationPort": 8081,
              "prefixRanges": [
                {
                  "addressPrefix": "1.1.1.1",
                  "prefixLen": 32
                }
              ]
            }
          },
          {
            "l7": {
              "name": "outbound_listener",
              "statPrefix": "upstream."
            },
            "match": {
              "prefixRanges": [
                {
                  "addressPrefix": "1.1.1.1",
                  "prefixLen": 32
                }
              ]
            }
          }
        ]
      }
    ],
    "routes": {
      "outbound_listener": {
        "virtualHosts": [
          {
            "name": "outbound_listener",
            "routeRules": [
              {
                "destination": {
                  "cluster": {
                    "name": "http.api-app.default.dc1.internal.foo.consul"
                  }
                },
                "match": {
                  "pathMatch": {
                    "prefix": "/"
                  }
                }
              }
            ]
          }
        ]
      }
    }
  },
  "requiredEndpoints": {
    "http.api-app.default.dc1.internal.foo.consul": {
      "id": {
        "name": "api-app",
        "tenancy": {
          "namespace": "default",
          "partition": "default",
          "peerName": "local"
        },
        "type": {
          "group": "catalog",
          "groupVersion": "v2beta1",
          "kind": "ServiceEndpoints"
        }
      },
      "port": "mesh"
    },
    "tcp.api-app.default.dc1.internal.foo.consul": {
      "id": {
        "name": "api-app",
        "tenancy": {
          "namespace": "default",
          "partition": "default",
          "peerName": "local"
        },
        "type": {
          "group": "catalog",
          "groupVersion": "v2beta1",
          "kind": "ServiceEndpoints"
        }
      },
      "port": "mesh"
    },
    "tcp2.api-app.default.dc1.internal.foo.consul": {
      "id": {
        "name": "api-app",
        "tenancy": {
          "namespace": "default",
          "partition": "default",
          "peerName": "local"
        },
        "type": {
          "group": "catalog",
          "groupVersion": "v2beta1",
          "kind": "ServiceEndpoints"
        }
      },
      "port": "mesh"
    }
  },
  "requiredLeafCertificates": {
    "test-identity": {
      "name": "test-identity",
      "namespace": "default",
      "partition": "default"
    }
  },
  "requiredTrustBundles": {
    "local": {
      "peer": "local"
    }
  }
}